### FULL RERUN START
[P1] skip SmellyCode++ LogReg 42 (cached)
[P1] skip SmellyCode++ LogReg 1 (cached)
[P1] skip SmellyCode++ LogReg 7 (cached)
[P1] skip SmellyCode++ LogReg 13 (cached)
[P1] skip SmellyCode++ LogReg 99 (cached)
[P1] skip SmellyCode++ LinearSVC 42 (cached)
[P1] skip SmellyCode++ LinearSVC 1 (cached)
[P1] skip SmellyCode++ LinearSVC 7 (cached)
[P1] skip SmellyCode++ LinearSVC 13 (cached)
[P1] skip SmellyCode++ LinearSVC 99 (cached)
[P1] skip SmellyCode++ RF 42 (cached)
[P1] skip SmellyCode++ RF 1 (cached)
[P1] skip SmellyCode++ RF 7 (cached)
[P1] skip SmellyCode++ RF 13 (cached)
[P1] skip SmellyCode++ RF 99 (cached)
[P1] skip SmellyCode++ HistGB 42 (cached)
[P1] skip SmellyCode++ HistGB 1 (cached)
[P1] skip SmellyCode++ HistGB 7 (cached)
[P1] skip SmellyCode++ HistGB 13 (cached)
[P1] skip SmellyCode++ HistGB 99 (cached)
[P1] skip ml-Codesmell LogReg 42 (cached)
[P1] skip ml-Codesmell LogReg 1 (cached)
[P1] skip ml-Codesmell LogReg 7 (cached)
[P1] skip ml-Codesmell LogReg 13 (cached)
[P1] skip ml-Codesmell LogReg 99 (cached)
[P1] ml-Codesmell   LinearSVC  seed=42 d_int=+0.449 d_itr=-0.004 (72271s)
[P1] ml-Codesmell   LinearSVC  seed=1 d_int=+0.447 d_itr=-0.004 (7264s)
[P1] ml-Codesmell   LinearSVC  seed=7 d_int=+0.448 d_itr=-0.004 (7280s)
