### REVFIX START
[P1] skip IST2021 LogReg 42
[P1] skip IST2021 LogReg 1
[P1] skip IST2021 LogReg 7
[P1] skip IST2021 LogReg 13
[P1] skip IST2021 LogReg 99
[P1] skip IST2021 RF 42
[P1] skip IST2021 RF 1
[P1] skip IST2021 RF 7
[P1] skip IST2021 RF 13
[P1] skip IST2021 RF 99
[P1] skip IST2021 HistGB 42
[P1] skip IST2021 HistGB 1
[P1] skip IST2021 HistGB 7
[P1] skip IST2021 HistGB 13
[P1] skip IST2021 HistGB 99
[P1] skip IST2021 LinearSVC 42
[P1] skip IST2021 LinearSVC 1
[P1] skip IST2021 LinearSVC 7
[P1] skip IST2021 LinearSVC 13
[P1] skip IST2021 LinearSVC 99
[P1] skip ImprovMLCQ LogReg 42
[P1] skip ImprovMLCQ LogReg 1
[P1] skip ImprovMLCQ LogReg 7
[P1] skip ImprovMLCQ LogReg 13
[P1] skip ImprovMLCQ LogReg 99
[P1] skip ImprovMLCQ RF 42
[P1] skip ImprovMLCQ RF 1
[P1] skip ImprovMLCQ RF 7
[P1] skip ImprovMLCQ RF 13
[P1] skip ImprovMLCQ RF 99
[P1] skip ImprovMLCQ HistGB 42
[P1] skip ImprovMLCQ HistGB 1
[P1] skip ImprovMLCQ HistGB 7
[P1] skip ImprovMLCQ HistGB 13
[P1] skip ImprovMLCQ HistGB 99
[P1] skip ImprovMLCQ LinearSVC 42
[P1] skip ImprovMLCQ LinearSVC 1
[P1] skip ImprovMLCQ LinearSVC 7
[P1] skip ImprovMLCQ LinearSVC 13
[P1] skip ImprovMLCQ LinearSVC 99
[P1] skip Crowdsmelling LogReg 42
[P1] skip Crowdsmelling LogReg 1
[P1] skip Crowdsmelling LogReg 7
[P1] skip Crowdsmelling LogReg 13
[P1] skip Crowdsmelling LogReg 99
[P1] skip Crowdsmelling RF 42
[P1] skip Crowdsmelling RF 1
[P1] skip Crowdsmelling RF 7
[P1] skip Crowdsmelling RF 13
[P1] skip Crowdsmelling RF 99
[P1] skip Crowdsmelling HistGB 42
[P1] skip Crowdsmelling HistGB 1
[P1] skip Crowdsmelling HistGB 7
[P1] skip Crowdsmelling HistGB 13
[P1] skip Crowdsmelling HistGB 99
[P1] skip Crowdsmelling LinearSVC 42
[P1] skip Crowdsmelling LinearSVC 1
[P1] skip Crowdsmelling LinearSVC 7
[P1] skip Crowdsmelling LinearSVC 13
[P1] skip Crowdsmelling LinearSVC 99
[P1] skip SmellyCode++ LogReg 42
[P1] skip SmellyCode++ LogReg 1
[P1] skip SmellyCode++ LogReg 7
[P1] skip SmellyCode++ LogReg 13
[P1] skip SmellyCode++ LogReg 99
[P1] skip SmellyCode++ RF 42
[P1] skip SmellyCode++ RF 1
[P1] skip SmellyCode++ RF 7
[P1] skip SmellyCode++ RF 13
[P1] skip SmellyCode++ RF 99
[P1] skip SmellyCode++ HistGB 42
[P1] skip SmellyCode++ HistGB 1
[P1] skip SmellyCode++ HistGB 7
[P1] skip SmellyCode++ HistGB 13
[P1] skip SmellyCode++ HistGB 99
[P1] skip SmellyCode++ LinearSVC 42
[P1] skip SmellyCode++ LinearSVC 1
[P1] skip SmellyCode++ LinearSVC 7
[P1] skip SmellyCode++ LinearSVC 13
[P1] skip SmellyCode++ LinearSVC 99
[P1] skip ml-Codesmell LogReg 42
[P1] skip ml-Codesmell LogReg 1
[P1] skip ml-Codesmell LogReg 7
[P1] skip ml-Codesmell LogReg 13
[P1] skip ml-Codesmell LogReg 99
[P1] skip ml-Codesmell RF 42
[P1] skip ml-Codesmell RF 1
[P1] skip ml-Codesmell RF 7
[P1] skip ml-Codesmell RF 13
[P1] skip ml-Codesmell RF 99
[P1] skip ml-Codesmell HistGB 42
[P1] skip ml-Codesmell HistGB 1
[P1] skip ml-Codesmell HistGB 7
[P1] skip ml-Codesmell HistGB 13
[P1] skip ml-Codesmell HistGB 99
[P1] skip digits LogReg 42
[P1] skip digits LogReg 1
[P1] skip digits LogReg 7
[P1] skip digits LogReg 13
[P1] skip digits LogReg 99
[P1] skip digits RF 42
[P1] skip digits RF 1
[P1] skip digits RF 7
[P1] skip digits RF 13
[P1] skip digits RF 99
[P1] skip digits HistGB 42
[P1] skip digits HistGB 1
[P1] skip digits HistGB 7
[P1] skip digits HistGB 13
[P1] skip digits HistGB 99
[P1] skip digits LinearSVC 42
[P1] skip digits LinearSVC 1
[P1] skip digits LinearSVC 7
[P1] skip digits LinearSVC 13
[P1] skip digits LinearSVC 99
[P1] skip segment LogReg 42
[P1] skip segment LogReg 1
[P1] skip segment LogReg 7
[P1] skip segment LogReg 13
[P1] skip segment LogReg 99
[P1] skip segment RF 42
[P1] skip segment RF 1
[P1] skip segment RF 7
[P1] skip segment RF 13
[P1] skip segment RF 99
[P1] skip segment HistGB 42
[P1] skip segment HistGB 1
[P1] skip segment HistGB 7
[P1] skip segment HistGB 13
[P1] skip segment HistGB 99
[P1] skip segment LinearSVC 42
[P1] skip segment LinearSVC 1
[P1] skip segment LinearSVC 7
[P1] skip segment LinearSVC 13
[P1] skip segment LinearSVC 99
[P1] skip vehicle LogReg 42
[P1] skip vehicle LogReg 1
[P1] skip vehicle LogReg 7
[P1] skip vehicle LogReg 13
[P1] skip vehicle LogReg 99
[P1] skip vehicle RF 42
[P1] skip vehicle RF 1
[P1] skip vehicle RF 7
[P1] skip vehicle RF 13
[P1] skip vehicle RF 99
[P1] skip vehicle HistGB 42
[P1] skip vehicle HistGB 1
[P1] skip vehicle HistGB 7
[P1] skip vehicle HistGB 13
[P1] skip vehicle HistGB 99
[P1] skip vehicle LinearSVC 42
[P1] skip vehicle LinearSVC 1
[P1] skip vehicle LinearSVC 7
[P1] skip vehicle LinearSVC 13
[P1] skip vehicle LinearSVC 99
[P1] skip letter LogReg 42
[P1] skip letter LogReg 1
[P1] skip letter LogReg 7
[P1] skip letter LogReg 13
[P1] skip letter LogReg 99
[P1] skip letter RF 42
[P1] skip letter RF 1
[P1] skip letter RF 7
[P1] skip letter RF 13
[P1] skip letter RF 99
[P1] skip letter HistGB 42
[P1] skip letter HistGB 1
[P1] skip letter HistGB 7
[P1] skip letter HistGB 13
[P1] skip letter HistGB 99
[P1] skip letter LinearSVC 42
[P1] skip letter LinearSVC 1
[P1] skip letter LinearSVC 7
[P1] skip letter LinearSVC 13
[P1] skip letter LinearSVC 99
REVFIX_PHASE1_FAST DONE
REVFIX_IMBALANCE DONE
[P1] skip ml-Codesmell LinearSVC 42
[P1] ml-Codesmell   LinearSVC  seed=1 d_int=+0.448 d_itr=-0.004 (6701s)
[P1] ml-Codesmell   LinearSVC  seed=7 d_int=+0.448 d_itr=-0.004 (6889s)
### REVFIX ALL DONE
