### REVFIX START
[P1] IST2021        LogReg     seed=42 d_int=+0.166 d_itr=-0.001 (1s)
[P1] IST2021        LogReg     seed=1 d_int=+0.172 d_itr=+0.002 (1s)
[P1] IST2021        LogReg     seed=7 d_int=+0.167 d_itr=-0.000 (1s)
[P1] IST2021        LogReg     seed=13 d_int=+0.167 d_itr=-0.001 (1s)
[P1] IST2021        LogReg     seed=99 d_int=+0.166 d_itr=+0.001 (1s)
[P1] IST2021        RF         seed=42 d_int=+0.036 d_itr=+0.005 (6s)
[P1] IST2021        RF         seed=1 d_int=+0.034 d_itr=+0.002 (6s)
[P1] IST2021        RF         seed=7 d_int=+0.035 d_itr=+0.004 (6s)
[P1] IST2021        RF         seed=13 d_int=+0.037 d_itr=+0.008 (6s)
[P1] IST2021        RF         seed=99 d_int=+0.023 d_itr=+0.002 (6s)
[P1] IST2021        HistGB     seed=42 d_int=+0.009 d_itr=-0.011 (24s)
[P1] IST2021        HistGB     seed=1 d_int=+0.011 d_itr=-0.005 (23s)
[P1] IST2021        HistGB     seed=7 d_int=+0.012 d_itr=-0.011 (24s)
[P1] IST2021        HistGB     seed=13 d_int=+0.013 d_itr=+0.002 (23s)
[P1] IST2021        HistGB     seed=99 d_int=-0.000 d_itr=-0.013 (25s)
[P1] IST2021        LinearSVC  seed=42 d_int=+0.173 d_itr=-0.001 (3s)
[P1] IST2021        LinearSVC  seed=1 d_int=+0.178 d_itr=+0.001 (2s)
[P1] IST2021        LinearSVC  seed=7 d_int=+0.174 d_itr=+0.001 (2s)
[P1] IST2021        LinearSVC  seed=13 d_int=+0.181 d_itr=-0.001 (2s)
[P1] IST2021        LinearSVC  seed=99 d_int=+0.168 d_itr=+0.000 (3s)
[P1] ImprovMLCQ     LogReg     seed=42 d_int=+0.067 d_itr=-0.000 (27s)
[P1] ImprovMLCQ     LogReg     seed=1 d_int=+0.065 d_itr=-0.000 (25s)
[P1] ImprovMLCQ     LogReg     seed=7 d_int=+0.065 d_itr=+0.000 (25s)
[P1] ImprovMLCQ     LogReg     seed=13 d_int=+0.065 d_itr=+0.000 (27s)
[P1] ImprovMLCQ     LogReg     seed=99 d_int=+0.064 d_itr=+0.000 (28s)
[P1] ImprovMLCQ     RF         seed=42 d_int=-0.006 d_itr=-0.006 (28s)
[P1] ImprovMLCQ     RF         seed=1 d_int=-0.003 d_itr=-0.002 (28s)
[P1] ImprovMLCQ     RF         seed=7 d_int=-0.004 d_itr=-0.004 (27s)
[P1] ImprovMLCQ     RF         seed=13 d_int=-0.003 d_itr=-0.002 (27s)
[P1] ImprovMLCQ     RF         seed=99 d_int=-0.004 d_itr=-0.003 (28s)
[P1] ImprovMLCQ     HistGB     seed=42 d_int=+0.013 d_itr=+0.004 (40s)
[P1] ImprovMLCQ     HistGB     seed=1 d_int=+0.015 d_itr=+0.008 (37s)
[P1] ImprovMLCQ     HistGB     seed=7 d_int=+0.009 d_itr=-0.002 (39s)
[P1] ImprovMLCQ     HistGB     seed=13 d_int=+0.013 d_itr=+0.005 (41s)
[P1] ImprovMLCQ     HistGB     seed=99 d_int=+0.014 d_itr=+0.009 (43s)
[P1] ImprovMLCQ     LinearSVC  seed=42 d_int=+0.068 d_itr=-0.000 (113s)
[P1] ImprovMLCQ     LinearSVC  seed=1 d_int=+0.067 d_itr=+0.000 (97s)
[P1] ImprovMLCQ     LinearSVC  seed=7 d_int=+0.065 d_itr=-0.000 (94s)
[P1] ImprovMLCQ     LinearSVC  seed=13 d_int=+0.066 d_itr=-0.000 (101s)
[P1] ImprovMLCQ     LinearSVC  seed=99 d_int=+0.065 d_itr=+0.000 (108s)
[P1] Crowdsmelling  LogReg     seed=42 d_int=+0.027 d_itr=-0.002 (1s)
[P1] Crowdsmelling  LogReg     seed=1 d_int=+0.023 d_itr=+0.001 (1s)
[P1] Crowdsmelling  LogReg     seed=7 d_int=+0.025 d_itr=-0.003 (1s)
[P1] Crowdsmelling  LogReg     seed=13 d_int=+0.027 d_itr=+0.002 (1s)
[P1] Crowdsmelling  LogReg     seed=99 d_int=+0.025 d_itr=+0.002 (1s)
[P1] Crowdsmelling  RF         seed=42 d_int=+0.005 d_itr=+0.005 (4s)
[P1] Crowdsmelling  RF         seed=1 d_int=-0.002 d_itr=-0.002 (4s)
[P1] Crowdsmelling  RF         seed=7 d_int=+0.002 d_itr=+0.001 (4s)
[P1] Crowdsmelling  RF         seed=13 d_int=-0.002 d_itr=+0.000 (4s)
[P1] Crowdsmelling  RF         seed=99 d_int=-0.005 d_itr=-0.006 (4s)
[P1] Crowdsmelling  HistGB     seed=42 d_int=+0.003 d_itr=-0.000 (12s)
[P1] Crowdsmelling  HistGB     seed=1 d_int=+0.002 d_itr=+0.001 (12s)
[P1] Crowdsmelling  HistGB     seed=7 d_int=+0.002 d_itr=+0.000 (12s)
[P1] Crowdsmelling  HistGB     seed=13 d_int=+0.002 d_itr=+0.004 (12s)
[P1] Crowdsmelling  HistGB     seed=99 d_int=+0.001 d_itr=-0.001 (11s)
[P1] Crowdsmelling  LinearSVC  seed=42 d_int=+0.023 d_itr=+0.001 (19s)
[P1] Crowdsmelling  LinearSVC  seed=1 d_int=+0.016 d_itr=+0.002 (19s)
[P1] Crowdsmelling  LinearSVC  seed=7 d_int=+0.025 d_itr=-0.001 (19s)
[P1] Crowdsmelling  LinearSVC  seed=13 d_int=+0.023 d_itr=+0.003 (19s)
[P1] Crowdsmelling  LinearSVC  seed=99 d_int=+0.022 d_itr=+0.005 (18s)
[P1] SmellyCode++   LogReg     seed=42 d_int=+0.019 d_itr=+0.001 (126s)
[P1] SmellyCode++   LogReg     seed=1 d_int=+0.019 d_itr=+0.001 (135s)
[P1] SmellyCode++   LogReg     seed=7 d_int=+0.020 d_itr=+0.001 (135s)
[P1] SmellyCode++   LogReg     seed=13 d_int=+0.019 d_itr=+0.001 (139s)
[P1] SmellyCode++   LogReg     seed=99 d_int=+0.019 d_itr=+0.001 (133s)
[P1] SmellyCode++   RF         seed=42 d_int=-0.008 d_itr=-0.001 (321s)
[P1] SmellyCode++   RF         seed=1 d_int=-0.009 d_itr=-0.001 (321s)
[P1] SmellyCode++   RF         seed=7 d_int=-0.011 d_itr=-0.004 (332s)
[P1] SmellyCode++   RF         seed=13 d_int=-0.010 d_itr=-0.002 (357s)
[P1] SmellyCode++   RF         seed=99 d_int=-0.009 d_itr=-0.001 (352s)
[P1] SmellyCode++   HistGB     seed=42 d_int=+0.010 d_itr=+0.009 (124s)
[P1] SmellyCode++   HistGB     seed=1 d_int=+0.015 d_itr=+0.014 (100s)
[P1] SmellyCode++   HistGB     seed=7 d_int=+0.011 d_itr=+0.015 (93s)
[P1] SmellyCode++   HistGB     seed=13 d_int=+0.011 d_itr=+0.012 (98s)
[P1] SmellyCode++   HistGB     seed=99 d_int=+0.014 d_itr=+0.012 (98s)
[P1] SmellyCode++   LinearSVC  seed=42 d_int=+0.017 d_itr=+0.001 (224s)
[P1] SmellyCode++   LinearSVC  seed=1 d_int=+0.017 d_itr=+0.001 (214s)
[P1] SmellyCode++   LinearSVC  seed=7 d_int=+0.017 d_itr=+0.001 (193s)
[P1] SmellyCode++   LinearSVC  seed=13 d_int=+0.017 d_itr=+0.001 (208s)
[P1] SmellyCode++   LinearSVC  seed=99 d_int=+0.017 d_itr=+0.001 (215s)
[P1] ml-Codesmell   LogReg     seed=42 d_int=+0.500 d_itr=-0.007 (223s)
[P1] ml-Codesmell   LogReg     seed=1 d_int=+0.500 d_itr=-0.007 (232s)
[P1] ml-Codesmell   LogReg     seed=7 d_int=+0.500 d_itr=-0.007 (217s)
[P1] ml-Codesmell   LogReg     seed=13 d_int=+0.500 d_itr=-0.007 (230s)
[P1] ml-Codesmell   LogReg     seed=99 d_int=+0.499 d_itr=-0.008 (216s)
[P1] ml-Codesmell   RF         seed=42 d_int=+0.000 d_itr=+0.000 (384s)
[P1] ml-Codesmell   RF         seed=1 d_int=+0.000 d_itr=-0.000 (374s)
[P1] ml-Codesmell   RF         seed=7 d_int=+0.000 d_itr=+0.000 (379s)
[P1] ml-Codesmell   RF         seed=13 d_int=+0.000 d_itr=-0.000 (381s)
[P1] ml-Codesmell   RF         seed=99 d_int=+0.000 d_itr=-0.000 (387s)
[P1] ml-Codesmell   HistGB     seed=42 d_int=-0.000 d_itr=-0.000 (250s)
[P1] ml-Codesmell   HistGB     seed=1 d_int=-0.000 d_itr=-0.000 (264s)
[P1] ml-Codesmell   HistGB     seed=7 d_int=+0.000 d_itr=-0.000 (260s)
[P1] ml-Codesmell   HistGB     seed=13 d_int=+0.000 d_itr=-0.000 (252s)
[P1] ml-Codesmell   HistGB     seed=99 d_int=-0.000 d_itr=-0.000 (257s)
[P1] digits         LogReg     seed=42 d_int=+0.888 d_itr=+0.002 (2s)
[P1] digits         LogReg     seed=1 d_int=+0.888 d_itr=-0.000 (2s)
[P1] digits         LogReg     seed=7 d_int=+0.881 d_itr=+0.000 (2s)
[P1] digits         LogReg     seed=13 d_int=+0.890 d_itr=-0.000 (2s)
[P1] digits         LogReg     seed=99 d_int=+0.890 d_itr=-0.000 (2s)
[P1] digits         RF         seed=42 d_int=+0.035 d_itr=+0.000 (9s)
[P1] digits         RF         seed=1 d_int=+0.041 d_itr=+0.001 (10s)
[P1] digits         RF         seed=7 d_int=+0.036 d_itr=+0.000 (11s)
[P1] digits         RF         seed=13 d_int=+0.040 d_itr=+0.000 (10s)
[P1] digits         RF         seed=99 d_int=+0.037 d_itr=+0.001 (10s)
[P1] digits         HistGB     seed=42 d_int=+0.009 d_itr=+0.003 (48s)
[P1] digits         HistGB     seed=1 d_int=+0.005 d_itr=+0.002 (48s)
[P1] digits         HistGB     seed=7 d_int=+0.012 d_itr=+0.003 (46s)
[P1] digits         HistGB     seed=13 d_int=+0.012 d_itr=+0.002 (50s)
[P1] digits         HistGB     seed=99 d_int=+0.012 d_itr=+0.002 (47s)
[P1] digits         LinearSVC  seed=42 d_int=+0.867 d_itr=-0.011 (25s)
[P1] digits         LinearSVC  seed=1 d_int=+0.865 d_itr=-0.016 (24s)
[P1] digits         LinearSVC  seed=7 d_int=+0.855 d_itr=-0.019 (28s)
[P1] digits         LinearSVC  seed=13 d_int=+0.866 d_itr=-0.014 (25s)
[P1] digits         LinearSVC  seed=99 d_int=+0.870 d_itr=-0.014 (30s)
[P1] segment        LogReg     seed=42 d_int=+0.737 d_itr=-0.000 (1s)
[P1] segment        LogReg     seed=1 d_int=+0.737 d_itr=-0.001 (1s)
[P1] segment        LogReg     seed=7 d_int=+0.726 d_itr=-0.001 (1s)
[P1] segment        LogReg     seed=13 d_int=+0.737 d_itr=-0.000 (1s)
[P1] segment        LogReg     seed=99 d_int=+0.735 d_itr=+0.001 (1s)
[P1] segment        RF         seed=42 d_int=+0.001 d_itr=+0.000 (8s)
[P1] segment        RF         seed=1 d_int=+0.002 d_itr=+0.000 (7s)
[P1] segment        RF         seed=7 d_int=+0.002 d_itr=+0.000 (7s)
[P1] segment        RF         seed=13 d_int=+0.002 d_itr=-0.001 (7s)
[P1] segment        RF         seed=99 d_int=+0.002 d_itr=-0.000 (7s)
[P1] segment        HistGB     seed=42 d_int=+0.003 d_itr=+0.000 (27s)
[P1] segment        HistGB     seed=1 d_int=+0.004 d_itr=+0.001 (27s)
[P1] segment        HistGB     seed=7 d_int=+0.004 d_itr=+0.000 (28s)
[P1] segment        HistGB     seed=13 d_int=+0.004 d_itr=-0.000 (27s)
[P1] segment        HistGB     seed=99 d_int=+0.004 d_itr=-0.001 (26s)
[P1] segment        LinearSVC  seed=42 d_int=+0.739 d_itr=-0.000 (2s)
[P1] segment        LinearSVC  seed=1 d_int=+0.739 d_itr=-0.000 (1s)
[P1] segment        LinearSVC  seed=7 d_int=+0.730 d_itr=+0.000 (1s)
[P1] segment        LinearSVC  seed=13 d_int=+0.737 d_itr=-0.000 (1s)
[P1] segment        LinearSVC  seed=99 d_int=+0.742 d_itr=+0.000 (2s)
[P1] vehicle        LogReg     seed=42 d_int=+0.562 d_itr=+0.001 (0s)
[P1] vehicle        LogReg     seed=1 d_int=+0.579 d_itr=-0.001 (0s)
[P1] vehicle        LogReg     seed=7 d_int=+0.576 d_itr=-0.000 (0s)
[P1] vehicle        LogReg     seed=13 d_int=+0.572 d_itr=+0.000 (0s)
[P1] vehicle        LogReg     seed=99 d_int=+0.571 d_itr=+0.001 (0s)
[P1] vehicle        RF         seed=42 d_int=+0.116 d_itr=+0.010 (3s)
[P1] vehicle        RF         seed=1 d_int=+0.132 d_itr=+0.009 (3s)
[P1] vehicle        RF         seed=7 d_int=+0.127 d_itr=+0.011 (3s)
[P1] vehicle        RF         seed=13 d_int=+0.114 d_itr=+0.002 (3s)
[P1] vehicle        RF         seed=99 d_int=+0.122 d_itr=+0.010 (3s)
[P1] vehicle        HistGB     seed=42 d_int=+0.079 d_itr=+0.005 (13s)
[P1] vehicle        HistGB     seed=1 d_int=+0.091 d_itr=+0.001 (15s)
[P1] vehicle        HistGB     seed=7 d_int=+0.090 d_itr=-0.001 (15s)
[P1] vehicle        HistGB     seed=13 d_int=+0.087 d_itr=-0.005 (15s)
[P1] vehicle        HistGB     seed=99 d_int=+0.105 d_itr=+0.003 (15s)
[P1] vehicle        LinearSVC  seed=42 d_int=+0.574 d_itr=+0.001 (0s)
[P1] vehicle        LinearSVC  seed=1 d_int=+0.593 d_itr=+0.000 (0s)
[P1] vehicle        LinearSVC  seed=7 d_int=+0.588 d_itr=+0.001 (0s)
[P1] vehicle        LinearSVC  seed=13 d_int=+0.581 d_itr=+0.001 (0s)
[P1] vehicle        LinearSVC  seed=99 d_int=+0.582 d_itr=-0.000 (0s)
[P1] letter         LogReg     seed=42 d_int=+0.467 d_itr=+0.001 (6s)
[P1] letter         LogReg     seed=1 d_int=+0.478 d_itr=+0.003 (6s)
[P1] letter         LogReg     seed=7 d_int=+0.446 d_itr=-0.001 (5s)
[P1] letter         LogReg     seed=13 d_int=+0.473 d_itr=+0.001 (5s)
[P1] letter         LogReg     seed=99 d_int=+0.478 d_itr=-0.002 (5s)
[P1] letter         RF         seed=42 d_int=+0.055 d_itr=+0.001 (24s)
[P1] letter         RF         seed=1 d_int=+0.045 d_itr=-0.002 (25s)
[P1] letter         RF         seed=7 d_int=+0.056 d_itr=+0.005 (24s)
[P1] letter         RF         seed=13 d_int=+0.055 d_itr=-0.002 (24s)
[P1] letter         RF         seed=99 d_int=+0.053 d_itr=-0.005 (26s)
[P1] letter         HistGB     seed=42 d_int=+0.163 d_itr=+0.104 (81s)
[P1] letter         HistGB     seed=1 d_int=+0.177 d_itr=+0.095 (77s)
[P1] letter         HistGB     seed=7 d_int=+0.163 d_itr=+0.087 (65s)
[P1] letter         HistGB     seed=13 d_int=+0.165 d_itr=+0.087 (63s)
[P1] letter         HistGB     seed=99 d_int=+0.164 d_itr=+0.088 (65s)
[P1] letter         LinearSVC  seed=42 d_int=+0.462 d_itr=+0.000 (3s)
[P1] letter         LinearSVC  seed=1 d_int=+0.473 d_itr=-0.001 (3s)
[P1] letter         LinearSVC  seed=7 d_int=+0.442 d_itr=+0.000 (3s)
[P1] letter         LinearSVC  seed=13 d_int=+0.468 d_itr=+0.001 (3s)
[P1] letter         LinearSVC  seed=99 d_int=+0.471 d_itr=-0.002 (3s)
REVFIX_PHASE1_FAST DONE
[A] IST2021        LogReg  r=0.05 seed=42 gap=+0.205 (0s)
[A] IST2021        LogReg  r=0.05 seed=1 gap=+0.227 (0s)
[A] IST2021        LogReg  r=0.05 seed=7 gap=+0.223 (0s)
[A] IST2021        LogReg  r=0.05 seed=13 gap=+0.280 (0s)
[A] IST2021        LogReg  r=0.05 seed=99 gap=+0.130 (0s)
[A] IST2021        LogReg  r=0.10 seed=42 gap=+0.201 (0s)
[A] IST2021        LogReg  r=0.10 seed=1 gap=+0.215 (0s)
[A] IST2021        LogReg  r=0.10 seed=7 gap=+0.236 (0s)
[A] IST2021        LogReg  r=0.10 seed=13 gap=+0.234 (0s)
[A] IST2021        LogReg  r=0.10 seed=99 gap=+0.203 (0s)
[A] IST2021        LogReg  r=0.15 seed=42 gap=+0.204 (0s)
[A] IST2021        LogReg  r=0.15 seed=1 gap=+0.223 (0s)
[A] IST2021        LogReg  r=0.15 seed=7 gap=+0.212 (0s)
[A] IST2021        LogReg  r=0.15 seed=13 gap=+0.180 (0s)
[A] IST2021        LogReg  r=0.15 seed=99 gap=+0.220 (0s)
[A] IST2021        LogReg  r=0.20 seed=42 gap=+0.190 (0s)
[A] IST2021        LogReg  r=0.20 seed=1 gap=+0.193 (0s)
[A] IST2021        LogReg  r=0.20 seed=7 gap=+0.167 (0s)
[A] IST2021        LogReg  r=0.20 seed=13 gap=+0.190 (0s)
[A] IST2021        LogReg  r=0.20 seed=99 gap=+0.165 (0s)
[A] IST2021        LogReg  r=0.25 seed=42 gap=+0.177 (0s)
[A] IST2021        LogReg  r=0.25 seed=1 gap=+0.198 (0s)
[A] IST2021        LogReg  r=0.25 seed=7 gap=+0.192 (0s)
[A] IST2021        LogReg  r=0.25 seed=13 gap=+0.191 (0s)
[A] IST2021        LogReg  r=0.25 seed=99 gap=+0.178 (0s)
[A] IST2021        LogReg  r=0.30 seed=42 gap=+0.176 (0s)
[A] IST2021        LogReg  r=0.30 seed=1 gap=+0.180 (0s)
[A] IST2021        LogReg  r=0.30 seed=7 gap=+0.187 (0s)
[A] IST2021        LogReg  r=0.30 seed=13 gap=+0.162 (0s)
[A] IST2021        LogReg  r=0.30 seed=99 gap=+0.159 (0s)
[A] IST2021        LogReg  r=0.35 seed=42 gap=+0.167 (0s)
[A] IST2021        LogReg  r=0.35 seed=1 gap=+0.171 (0s)
[A] IST2021        LogReg  r=0.35 seed=7 gap=+0.169 (0s)
[A] IST2021        LogReg  r=0.35 seed=13 gap=+0.164 (0s)
[A] IST2021        LogReg  r=0.35 seed=99 gap=+0.169 (0s)
[A] IST2021        RF      r=0.05 seed=42 gap=+0.110 (3s)
[A] IST2021        RF      r=0.05 seed=1 gap=+0.185 (2s)
[A] IST2021        RF      r=0.05 seed=7 gap=+0.098 (2s)
[A] IST2021        RF      r=0.05 seed=13 gap=+0.145 (2s)
[A] IST2021        RF      r=0.05 seed=99 gap=+0.077 (2s)
[A] IST2021        RF      r=0.10 seed=42 gap=+0.055 (2s)
[A] IST2021        RF      r=0.10 seed=1 gap=+0.078 (2s)
[A] IST2021        RF      r=0.10 seed=7 gap=+0.050 (2s)
[A] IST2021        RF      r=0.10 seed=13 gap=+0.045 (2s)
[A] IST2021        RF      r=0.10 seed=99 gap=+0.055 (2s)
[A] IST2021        RF      r=0.15 seed=42 gap=+0.051 (2s)
[A] IST2021        RF      r=0.15 seed=1 gap=+0.054 (2s)
[A] IST2021        RF      r=0.15 seed=7 gap=+0.068 (2s)
[A] IST2021        RF      r=0.15 seed=13 gap=+0.036 (2s)
[A] IST2021        RF      r=0.15 seed=99 gap=+0.055 (2s)
[A] IST2021        RF      r=0.20 seed=42 gap=+0.038 (2s)
[A] IST2021        RF      r=0.20 seed=1 gap=+0.051 (2s)
[A] IST2021        RF      r=0.20 seed=7 gap=+0.051 (2s)
[A] IST2021        RF      r=0.20 seed=13 gap=+0.055 (2s)
[A] IST2021        RF      r=0.20 seed=99 gap=+0.033 (2s)
[A] IST2021        RF      r=0.25 seed=42 gap=+0.043 (2s)
[A] IST2021        RF      r=0.25 seed=1 gap=+0.048 (2s)
[A] IST2021        RF      r=0.25 seed=7 gap=+0.037 (3s)
[A] IST2021        RF      r=0.25 seed=13 gap=+0.044 (2s)
[A] IST2021        RF      r=0.25 seed=99 gap=+0.032 (2s)
[A] IST2021        RF      r=0.30 seed=42 gap=+0.031 (3s)
[A] IST2021        RF      r=0.30 seed=1 gap=+0.035 (2s)
[A] IST2021        RF      r=0.30 seed=7 gap=+0.032 (2s)
[A] IST2021        RF      r=0.30 seed=13 gap=+0.036 (2s)
[A] IST2021        RF      r=0.30 seed=99 gap=+0.025 (2s)
[A] IST2021        RF      r=0.35 seed=42 gap=+0.025 (3s)
[A] IST2021        RF      r=0.35 seed=1 gap=+0.033 (2s)
[A] IST2021        RF      r=0.35 seed=7 gap=+0.031 (2s)
[A] IST2021        RF      r=0.35 seed=13 gap=+0.034 (2s)
[A] IST2021        RF      r=0.35 seed=99 gap=+0.034 (3s)
[A] ImprovMLCQ     LogReg  r=0.05 seed=42 gap=+0.053 (4s)
[A] ImprovMLCQ     LogReg  r=0.05 seed=1 gap=+0.057 (4s)
[A] ImprovMLCQ     LogReg  r=0.05 seed=7 gap=+0.058 (4s)
[A] ImprovMLCQ     LogReg  r=0.05 seed=13 gap=+0.055 (4s)
[A] ImprovMLCQ     LogReg  r=0.05 seed=99 gap=+0.053 (4s)
[A] ImprovMLCQ     LogReg  r=0.10 seed=42 gap=+0.075 (3s)
[A] ImprovMLCQ     LogReg  r=0.10 seed=1 gap=+0.074 (3s)
[A] ImprovMLCQ     LogReg  r=0.10 seed=7 gap=+0.075 (3s)
[A] ImprovMLCQ     LogReg  r=0.10 seed=13 gap=+0.071 (3s)
[A] ImprovMLCQ     LogReg  r=0.10 seed=99 gap=+0.075 (3s)
[A] ImprovMLCQ     LogReg  r=0.15 seed=42 gap=+0.093 (2s)
[A] ImprovMLCQ     LogReg  r=0.15 seed=1 gap=+0.094 (2s)
[A] ImprovMLCQ     LogReg  r=0.15 seed=7 gap=+0.095 (2s)
[A] ImprovMLCQ     LogReg  r=0.15 seed=13 gap=+0.089 (2s)
[A] ImprovMLCQ     LogReg  r=0.15 seed=99 gap=+0.092 (2s)
[A] ImprovMLCQ     LogReg  r=0.20 seed=42 gap=+0.102 (1s)
[A] ImprovMLCQ     LogReg  r=0.20 seed=1 gap=+0.115 (1s)
[A] ImprovMLCQ     LogReg  r=0.20 seed=7 gap=+0.113 (1s)
[A] ImprovMLCQ     LogReg  r=0.20 seed=13 gap=+0.111 (1s)
[A] ImprovMLCQ     LogReg  r=0.20 seed=99 gap=+0.096 (1s)
[A] ImprovMLCQ     LogReg  r=0.25 seed=42 gap=+0.116 (1s)
[A] ImprovMLCQ     LogReg  r=0.25 seed=1 gap=+0.105 (1s)
[A] ImprovMLCQ     LogReg  r=0.25 seed=7 gap=+0.108 (1s)
[A] ImprovMLCQ     LogReg  r=0.25 seed=13 gap=+0.108 (1s)
[A] ImprovMLCQ     LogReg  r=0.25 seed=99 gap=+0.109 (1s)
[A] ImprovMLCQ     LogReg  r=0.30 seed=42 gap=+0.111 (1s)
[A] ImprovMLCQ     LogReg  r=0.30 seed=1 gap=+0.105 (1s)
[A] ImprovMLCQ     LogReg  r=0.30 seed=7 gap=+0.108 (1s)
[A] ImprovMLCQ     LogReg  r=0.30 seed=13 gap=+0.114 (1s)
[A] ImprovMLCQ     LogReg  r=0.30 seed=99 gap=+0.110 (1s)
[A] ImprovMLCQ     LogReg  r=0.35 seed=42 gap=+0.111 (1s)
[A] ImprovMLCQ     LogReg  r=0.35 seed=1 gap=+0.117 (1s)
[A] ImprovMLCQ     LogReg  r=0.35 seed=7 gap=+0.127 (1s)
[A] ImprovMLCQ     LogReg  r=0.35 seed=13 gap=+0.109 (1s)
[A] ImprovMLCQ     LogReg  r=0.35 seed=99 gap=+0.110 (1s)
[A] ImprovMLCQ     RF      r=0.05 seed=42 gap=+0.000 (8s)
[A] ImprovMLCQ     RF      r=0.05 seed=1 gap=-0.000 (8s)
[A] ImprovMLCQ     RF      r=0.05 seed=7 gap=-0.001 (7s)
[A] ImprovMLCQ     RF      r=0.05 seed=13 gap=-0.001 (8s)
[A] ImprovMLCQ     RF      r=0.05 seed=99 gap=+0.005 (7s)
[A] ImprovMLCQ     RF      r=0.10 seed=42 gap=-0.003 (7s)
[A] ImprovMLCQ     RF      r=0.10 seed=1 gap=-0.001 (7s)
[A] ImprovMLCQ     RF      r=0.10 seed=7 gap=-0.006 (7s)
[A] ImprovMLCQ     RF      r=0.10 seed=13 gap=-0.005 (7s)
[A] ImprovMLCQ     RF      r=0.10 seed=99 gap=-0.001 (7s)
[A] ImprovMLCQ     RF      r=0.15 seed=42 gap=-0.000 (5s)
[A] ImprovMLCQ     RF      r=0.15 seed=1 gap=+0.002 (5s)
[A] ImprovMLCQ     RF      r=0.15 seed=7 gap=+0.001 (5s)
[A] ImprovMLCQ     RF      r=0.15 seed=13 gap=+0.003 (5s)
[A] ImprovMLCQ     RF      r=0.15 seed=99 gap=+0.005 (5s)
[A] ImprovMLCQ     RF      r=0.20 seed=42 gap=+0.000 (4s)
[A] ImprovMLCQ     RF      r=0.20 seed=1 gap=+0.001 (4s)
[A] ImprovMLCQ     RF      r=0.20 seed=7 gap=+0.003 (4s)
[A] ImprovMLCQ     RF      r=0.20 seed=13 gap=+0.000 (5s)
[A] ImprovMLCQ     RF      r=0.20 seed=99 gap=-0.001 (4s)
[A] ImprovMLCQ     RF      r=0.25 seed=42 gap=+0.003 (4s)
[A] ImprovMLCQ     RF      r=0.25 seed=1 gap=-0.002 (4s)
[A] ImprovMLCQ     RF      r=0.25 seed=7 gap=+0.003 (4s)
[A] ImprovMLCQ     RF      r=0.25 seed=13 gap=+0.006 (4s)
[A] ImprovMLCQ     RF      r=0.25 seed=99 gap=+0.003 (4s)
[A] ImprovMLCQ     RF      r=0.30 seed=42 gap=+0.001 (4s)
[A] ImprovMLCQ     RF      r=0.30 seed=1 gap=+0.001 (4s)
[A] ImprovMLCQ     RF      r=0.30 seed=7 gap=-0.005 (4s)
[A] ImprovMLCQ     RF      r=0.30 seed=13 gap=-0.001 (4s)
[A] ImprovMLCQ     RF      r=0.30 seed=99 gap=+0.000 (4s)
[A] ImprovMLCQ     RF      r=0.35 seed=42 gap=-0.003 (3s)
[A] ImprovMLCQ     RF      r=0.35 seed=1 gap=-0.000 (3s)
[A] ImprovMLCQ     RF      r=0.35 seed=7 gap=-0.001 (3s)
[A] ImprovMLCQ     RF      r=0.35 seed=13 gap=+0.002 (3s)
[A] ImprovMLCQ     RF      r=0.35 seed=99 gap=-0.001 (3s)
[A] Crowdsmelling  LogReg  r=0.05 seed=42 gap=+nan (0s)
[A] Crowdsmelling  LogReg  r=0.05 seed=1 gap=+nan (0s)
[A] Crowdsmelling  LogReg  r=0.05 seed=7 gap=+nan (0s)
[A] Crowdsmelling  LogReg  r=0.05 seed=13 gap=+nan (0s)
[A] Crowdsmelling  LogReg  r=0.05 seed=99 gap=+nan (0s)
[A] Crowdsmelling  LogReg  r=0.10 seed=42 gap=+nan (0s)
[A] Crowdsmelling  LogReg  r=0.10 seed=1 gap=+nan (0s)
[A] Crowdsmelling  LogReg  r=0.10 seed=7 gap=+nan (0s)
[A] Crowdsmelling  LogReg  r=0.10 seed=13 gap=+nan (0s)
[A] Crowdsmelling  LogReg  r=0.10 seed=99 gap=+nan (0s)
[A] Crowdsmelling  LogReg  r=0.15 seed=42 gap=+nan (0s)
[A] Crowdsmelling  LogReg  r=0.15 seed=1 gap=+nan (0s)
[A] Crowdsmelling  LogReg  r=0.15 seed=7 gap=+nan (0s)
[A] Crowdsmelling  LogReg  r=0.15 seed=13 gap=+nan (0s)
[A] Crowdsmelling  LogReg  r=0.15 seed=99 gap=+nan (0s)
[A] Crowdsmelling  LogReg  r=0.20 seed=42 gap=+nan (0s)
[A] Crowdsmelling  LogReg  r=0.20 seed=1 gap=+nan (0s)
[A] Crowdsmelling  LogReg  r=0.20 seed=7 gap=+nan (0s)
[A] Crowdsmelling  LogReg  r=0.20 seed=13 gap=+nan (0s)
[A] Crowdsmelling  LogReg  r=0.20 seed=99 gap=+nan (0s)
[A] Crowdsmelling  LogReg  r=0.25 seed=42 gap=+nan (0s)
[A] Crowdsmelling  LogReg  r=0.25 seed=1 gap=+nan (0s)
[A] Crowdsmelling  LogReg  r=0.25 seed=7 gap=+nan (0s)
[A] Crowdsmelling  LogReg  r=0.25 seed=13 gap=+nan (0s)
[A] Crowdsmelling  LogReg  r=0.25 seed=99 gap=+nan (0s)
[A] Crowdsmelling  LogReg  r=0.30 seed=42 gap=+nan (0s)
[A] Crowdsmelling  LogReg  r=0.30 seed=1 gap=+nan (0s)
[A] Crowdsmelling  LogReg  r=0.30 seed=7 gap=+nan (0s)
[A] Crowdsmelling  LogReg  r=0.30 seed=13 gap=+nan (0s)
[A] Crowdsmelling  LogReg  r=0.30 seed=99 gap=+nan (0s)
[A] Crowdsmelling  LogReg  r=0.35 seed=42 gap=+0.051 (0s)
[A] Crowdsmelling  LogReg  r=0.35 seed=1 gap=+0.017 (0s)
[A] Crowdsmelling  LogReg  r=0.35 seed=7 gap=+0.049 (0s)
[A] Crowdsmelling  LogReg  r=0.35 seed=13 gap=+0.024 (0s)
[A] Crowdsmelling  LogReg  r=0.35 seed=99 gap=+0.017 (0s)
[A] Crowdsmelling  RF      r=0.05 seed=42 gap=+nan (0s)
[A] Crowdsmelling  RF      r=0.05 seed=1 gap=+nan (0s)
[A] Crowdsmelling  RF      r=0.05 seed=7 gap=+nan (0s)
[A] Crowdsmelling  RF      r=0.05 seed=13 gap=+nan (0s)
[A] Crowdsmelling  RF      r=0.05 seed=99 gap=+nan (0s)
[A] Crowdsmelling  RF      r=0.10 seed=42 gap=+nan (0s)
[A] Crowdsmelling  RF      r=0.10 seed=1 gap=+nan (0s)
[A] Crowdsmelling  RF      r=0.10 seed=7 gap=+nan (0s)
[A] Crowdsmelling  RF      r=0.10 seed=13 gap=+nan (0s)
[A] Crowdsmelling  RF      r=0.10 seed=99 gap=+nan (0s)
[A] Crowdsmelling  RF      r=0.15 seed=42 gap=+nan (0s)
[A] Crowdsmelling  RF      r=0.15 seed=1 gap=+nan (0s)
[A] Crowdsmelling  RF      r=0.15 seed=7 gap=+nan (0s)
[A] Crowdsmelling  RF      r=0.15 seed=13 gap=+nan (0s)
[A] Crowdsmelling  RF      r=0.15 seed=99 gap=+nan (0s)
[A] Crowdsmelling  RF      r=0.20 seed=42 gap=+nan (0s)
[A] Crowdsmelling  RF      r=0.20 seed=1 gap=+nan (0s)
[A] Crowdsmelling  RF      r=0.20 seed=7 gap=+nan (0s)
[A] Crowdsmelling  RF      r=0.20 seed=13 gap=+nan (0s)
[A] Crowdsmelling  RF      r=0.20 seed=99 gap=+nan (0s)
[A] Crowdsmelling  RF      r=0.25 seed=42 gap=+nan (0s)
[A] Crowdsmelling  RF      r=0.25 seed=1 gap=+nan (0s)
[A] Crowdsmelling  RF      r=0.25 seed=7 gap=+nan (0s)
[A] Crowdsmelling  RF      r=0.25 seed=13 gap=+nan (0s)
[A] Crowdsmelling  RF      r=0.25 seed=99 gap=+nan (0s)
[A] Crowdsmelling  RF      r=0.30 seed=42 gap=+nan (0s)
[A] Crowdsmelling  RF      r=0.30 seed=1 gap=+nan (0s)
[A] Crowdsmelling  RF      r=0.30 seed=7 gap=+nan (0s)
[A] Crowdsmelling  RF      r=0.30 seed=13 gap=+nan (0s)
[A] Crowdsmelling  RF      r=0.30 seed=99 gap=+nan (0s)
[A] Crowdsmelling  RF      r=0.35 seed=42 gap=+0.011 (1s)
[A] Crowdsmelling  RF      r=0.35 seed=1 gap=-0.001 (1s)
[A] Crowdsmelling  RF      r=0.35 seed=7 gap=+0.001 (1s)
[A] Crowdsmelling  RF      r=0.35 seed=13 gap=-0.001 (1s)
[A] Crowdsmelling  RF      r=0.35 seed=99 gap=+0.002 (1s)
[A] SmellyCode++   LogReg  r=0.05 seed=42 gap=+0.017 (1s)
[A] SmellyCode++   LogReg  r=0.05 seed=1 gap=+0.023 (2s)
[A] SmellyCode++   LogReg  r=0.05 seed=7 gap=+0.034 (2s)
[A] SmellyCode++   LogReg  r=0.05 seed=13 gap=+0.032 (2s)
[A] SmellyCode++   LogReg  r=0.05 seed=99 gap=+0.020 (2s)
[A] SmellyCode++   LogReg  r=0.10 seed=42 gap=+0.049 (1s)
[A] SmellyCode++   LogReg  r=0.10 seed=1 gap=+0.067 (1s)
[A] SmellyCode++   LogReg  r=0.10 seed=7 gap=+0.055 (1s)
[A] SmellyCode++   LogReg  r=0.10 seed=13 gap=+0.040 (1s)
[A] SmellyCode++   LogReg  r=0.10 seed=99 gap=+0.031 (1s)
[A] SmellyCode++   LogReg  r=0.15 seed=42 gap=+0.043 (1s)
[A] SmellyCode++   LogReg  r=0.15 seed=1 gap=+0.068 (1s)
[A] SmellyCode++   LogReg  r=0.15 seed=7 gap=+0.078 (1s)
[A] SmellyCode++   LogReg  r=0.15 seed=13 gap=+0.042 (1s)
[A] SmellyCode++   LogReg  r=0.15 seed=99 gap=+0.039 (1s)
[A] SmellyCode++   LogReg  r=0.20 seed=42 gap=+0.027 (1s)
[A] SmellyCode++   LogReg  r=0.20 seed=1 gap=+0.083 (1s)
[A] SmellyCode++   LogReg  r=0.20 seed=7 gap=+0.082 (1s)
[A] SmellyCode++   LogReg  r=0.20 seed=13 gap=+0.033 (1s)
[A] SmellyCode++   LogReg  r=0.20 seed=99 gap=+0.028 (1s)
[A] SmellyCode++   LogReg  r=0.25 seed=42 gap=+0.113 (1s)
[A] SmellyCode++   LogReg  r=0.25 seed=1 gap=+0.083 (1s)
[A] SmellyCode++   LogReg  r=0.25 seed=7 gap=+0.101 (1s)
[A] SmellyCode++   LogReg  r=0.25 seed=13 gap=+0.063 (1s)
[A] SmellyCode++   LogReg  r=0.25 seed=99 gap=+0.058 (1s)
[A] SmellyCode++   LogReg  r=0.30 seed=42 gap=+0.098 (1s)
[A] SmellyCode++   LogReg  r=0.30 seed=1 gap=+0.046 (1s)
[A] SmellyCode++   LogReg  r=0.30 seed=7 gap=+0.101 (1s)
[A] SmellyCode++   LogReg  r=0.30 seed=13 gap=+0.105 (1s)
[A] SmellyCode++   LogReg  r=0.30 seed=99 gap=+0.100 (1s)
[A] SmellyCode++   LogReg  r=0.35 seed=42 gap=+0.049 (1s)
[A] SmellyCode++   LogReg  r=0.35 seed=1 gap=+0.083 (1s)
[A] SmellyCode++   LogReg  r=0.35 seed=7 gap=+0.090 (1s)
[A] SmellyCode++   LogReg  r=0.35 seed=13 gap=+0.067 (1s)
[A] SmellyCode++   LogReg  r=0.35 seed=99 gap=+0.095 (1s)
[A] SmellyCode++   RF      r=0.05 seed=42 gap=-0.019 (7s)
[A] SmellyCode++   RF      r=0.05 seed=1 gap=-0.018 (6s)
[A] SmellyCode++   RF      r=0.05 seed=7 gap=-0.012 (7s)
[A] SmellyCode++   RF      r=0.05 seed=13 gap=-0.023 (6s)
[A] SmellyCode++   RF      r=0.05 seed=99 gap=-0.022 (7s)
[A] SmellyCode++   RF      r=0.10 seed=42 gap=-0.016 (5s)
[A] SmellyCode++   RF      r=0.10 seed=1 gap=-0.031 (5s)
[A] SmellyCode++   RF      r=0.10 seed=7 gap=-0.019 (5s)
[A] SmellyCode++   RF      r=0.10 seed=13 gap=-0.026 (5s)
[A] SmellyCode++   RF      r=0.10 seed=99 gap=-0.034 (4s)
[A] SmellyCode++   RF      r=0.15 seed=42 gap=-0.016 (4s)
[A] SmellyCode++   RF      r=0.15 seed=1 gap=-0.023 (4s)
[A] SmellyCode++   RF      r=0.15 seed=7 gap=-0.018 (5s)
[A] SmellyCode++   RF      r=0.15 seed=13 gap=-0.017 (4s)
[A] SmellyCode++   RF      r=0.15 seed=99 gap=-0.029 (4s)
[A] SmellyCode++   RF      r=0.20 seed=42 gap=-0.019 (4s)
[A] SmellyCode++   RF      r=0.20 seed=1 gap=-0.023 (4s)
[A] SmellyCode++   RF      r=0.20 seed=7 gap=-0.020 (4s)
[A] SmellyCode++   RF      r=0.20 seed=13 gap=-0.024 (4s)
[A] SmellyCode++   RF      r=0.20 seed=99 gap=-0.033 (4s)
[A] SmellyCode++   RF      r=0.25 seed=42 gap=-0.015 (3s)
[A] SmellyCode++   RF      r=0.25 seed=1 gap=-0.018 (4s)
[A] SmellyCode++   RF      r=0.25 seed=7 gap=-0.011 (4s)
[A] SmellyCode++   RF      r=0.25 seed=13 gap=-0.029 (3s)
[A] SmellyCode++   RF      r=0.25 seed=99 gap=-0.033 (4s)
[A] SmellyCode++   RF      r=0.30 seed=42 gap=-0.017 (3s)
[A] SmellyCode++   RF      r=0.30 seed=1 gap=-0.018 (4s)
[A] SmellyCode++   RF      r=0.30 seed=7 gap=-0.009 (4s)
[A] SmellyCode++   RF      r=0.30 seed=13 gap=-0.021 (3s)
[A] SmellyCode++   RF      r=0.30 seed=99 gap=-0.030 (4s)
[A] SmellyCode++   RF      r=0.35 seed=42 gap=-0.014 (4s)
[A] SmellyCode++   RF      r=0.35 seed=1 gap=-0.012 (3s)
[A] SmellyCode++   RF      r=0.35 seed=7 gap=-0.012 (4s)
[A] SmellyCode++   RF      r=0.35 seed=13 gap=-0.016 (3s)
[A] SmellyCode++   RF      r=0.35 seed=99 gap=-0.020 (3s)
[A] ml-Codesmell   LogReg  r=0.05 seed=42 gap=+0.483 (1s)
[A] ml-Codesmell   LogReg  r=0.05 seed=1 gap=+0.467 (2s)
[A] ml-Codesmell   LogReg  r=0.05 seed=7 gap=+0.441 (2s)
[A] ml-Codesmell   LogReg  r=0.05 seed=13 gap=+0.454 (1s)
[A] ml-Codesmell   LogReg  r=0.05 seed=99 gap=+0.456 (2s)
[A] ml-Codesmell   LogReg  r=0.10 seed=42 gap=+0.327 (1s)
[A] ml-Codesmell   LogReg  r=0.10 seed=1 gap=+0.312 (1s)
[A] ml-Codesmell   LogReg  r=0.10 seed=7 gap=+0.314 (1s)
[A] ml-Codesmell   LogReg  r=0.10 seed=13 gap=+0.295 (1s)
[A] ml-Codesmell   LogReg  r=0.10 seed=99 gap=+0.342 (1s)
[A] ml-Codesmell   LogReg  r=0.15 seed=42 gap=+0.244 (1s)
[A] ml-Codesmell   LogReg  r=0.15 seed=1 gap=+0.242 (1s)
[A] ml-Codesmell   LogReg  r=0.15 seed=7 gap=+0.239 (1s)
[A] ml-Codesmell   LogReg  r=0.15 seed=13 gap=+0.233 (1s)
[A] ml-Codesmell   LogReg  r=0.15 seed=99 gap=+0.224 (1s)
[A] ml-Codesmell   LogReg  r=0.20 seed=42 gap=+0.176 (1s)
[A] ml-Codesmell   LogReg  r=0.20 seed=1 gap=+0.202 (1s)
[A] ml-Codesmell   LogReg  r=0.20 seed=7 gap=+0.188 (1s)
[A] ml-Codesmell   LogReg  r=0.20 seed=13 gap=+0.163 (1s)
[A] ml-Codesmell   LogReg  r=0.20 seed=99 gap=+0.174 (1s)
[A] ml-Codesmell   LogReg  r=0.25 seed=42 gap=+0.165 (1s)
[A] ml-Codesmell   LogReg  r=0.25 seed=1 gap=+0.144 (1s)
[A] ml-Codesmell   LogReg  r=0.25 seed=7 gap=+0.159 (1s)
[A] ml-Codesmell   LogReg  r=0.25 seed=13 gap=+0.140 (1s)
[A] ml-Codesmell   LogReg  r=0.25 seed=99 gap=+0.133 (1s)
[A] ml-Codesmell   LogReg  r=0.30 seed=42 gap=+0.125 (1s)
[A] ml-Codesmell   LogReg  r=0.30 seed=1 gap=+0.126 (1s)
[A] ml-Codesmell   LogReg  r=0.30 seed=7 gap=+0.132 (1s)
[A] ml-Codesmell   LogReg  r=0.30 seed=13 gap=+0.110 (1s)
[A] ml-Codesmell   LogReg  r=0.30 seed=99 gap=+0.111 (1s)
[A] ml-Codesmell   LogReg  r=0.35 seed=42 gap=+0.103 (1s)
[A] ml-Codesmell   LogReg  r=0.35 seed=1 gap=+0.096 (1s)
[A] ml-Codesmell   LogReg  r=0.35 seed=7 gap=+0.068 (1s)
[A] ml-Codesmell   LogReg  r=0.35 seed=13 gap=+0.106 (1s)
[A] ml-Codesmell   LogReg  r=0.35 seed=99 gap=+0.096 (1s)
[A] ml-Codesmell   RF      r=0.05 seed=42 gap=+0.003 (4s)
[A] ml-Codesmell   RF      r=0.05 seed=1 gap=+0.001 (3s)
[A] ml-Codesmell   RF      r=0.05 seed=7 gap=+0.002 (3s)
[A] ml-Codesmell   RF      r=0.05 seed=13 gap=+0.003 (3s)
[A] ml-Codesmell   RF      r=0.05 seed=99 gap=+0.001 (3s)
[A] ml-Codesmell   RF      r=0.10 seed=42 gap=+0.001 (3s)
[A] ml-Codesmell   RF      r=0.10 seed=1 gap=+0.001 (3s)
[A] ml-Codesmell   RF      r=0.10 seed=7 gap=+0.002 (3s)
[A] ml-Codesmell   RF      r=0.10 seed=13 gap=+0.004 (3s)
[A] ml-Codesmell   RF      r=0.10 seed=99 gap=+0.004 (3s)
[A] ml-Codesmell   RF      r=0.15 seed=42 gap=+0.004 (3s)
[A] ml-Codesmell   RF      r=0.15 seed=1 gap=+0.000 (3s)
[A] ml-Codesmell   RF      r=0.15 seed=7 gap=+0.000 (3s)
[A] ml-Codesmell   RF      r=0.15 seed=13 gap=+0.000 (2s)
[A] ml-Codesmell   RF      r=0.15 seed=99 gap=+0.001 (2s)
[A] ml-Codesmell   RF      r=0.20 seed=42 gap=+0.001 (2s)
[A] ml-Codesmell   RF      r=0.20 seed=1 gap=+0.000 (2s)
[A] ml-Codesmell   RF      r=0.20 seed=7 gap=+0.001 (2s)
[A] ml-Codesmell   RF      r=0.20 seed=13 gap=+0.001 (2s)
[A] ml-Codesmell   RF      r=0.20 seed=99 gap=+0.001 (2s)
[A] ml-Codesmell   RF      r=0.25 seed=42 gap=+0.001 (2s)
[A] ml-Codesmell   RF      r=0.25 seed=1 gap=+0.001 (2s)
[A] ml-Codesmell   RF      r=0.25 seed=7 gap=+0.000 (2s)
[A] ml-Codesmell   RF      r=0.25 seed=13 gap=+0.000 (2s)
[A] ml-Codesmell   RF      r=0.25 seed=99 gap=+0.000 (2s)
[A] ml-Codesmell   RF      r=0.30 seed=42 gap=+0.001 (2s)
[A] ml-Codesmell   RF      r=0.30 seed=1 gap=+0.000 (2s)
[A] ml-Codesmell   RF      r=0.30 seed=7 gap=+0.000 (2s)
[A] ml-Codesmell   RF      r=0.30 seed=13 gap=+0.001 (2s)
[A] ml-Codesmell   RF      r=0.30 seed=99 gap=+0.001 (2s)
[A] ml-Codesmell   RF      r=0.35 seed=42 gap=+0.001 (2s)
[A] ml-Codesmell   RF      r=0.35 seed=1 gap=+0.002 (2s)
[A] ml-Codesmell   RF      r=0.35 seed=7 gap=+0.001 (2s)
[A] ml-Codesmell   RF      r=0.35 seed=13 gap=+0.000 (2s)
[A] ml-Codesmell   RF      r=0.35 seed=99 gap=+0.001 (2s)
[A] digits         LogReg  r=0.05 seed=42 gap=+0.895 (1s)
[A] digits         LogReg  r=0.05 seed=1 gap=+0.888 (1s)
[A] digits         LogReg  r=0.05 seed=7 gap=+0.889 (1s)
[A] digits         LogReg  r=0.05 seed=13 gap=+0.893 (1s)
[A] digits         LogReg  r=0.05 seed=99 gap=+0.897 (1s)
[A] digits         LogReg  r=0.10 seed=42 gap=+0.887 (1s)
[A] digits         LogReg  r=0.10 seed=1 gap=+0.884 (1s)
[A] digits         LogReg  r=0.10 seed=7 gap=+0.888 (1s)
[A] digits         LogReg  r=0.10 seed=13 gap=+0.887 (1s)
[A] digits         LogReg  r=0.10 seed=99 gap=+0.881 (1s)
[A] digits         LogReg  r=0.15 seed=42 gap=+0.845 (0s)
[A] digits         LogReg  r=0.15 seed=1 gap=+0.840 (0s)
[A] digits         LogReg  r=0.15 seed=7 gap=+0.845 (0s)
[A] digits         LogReg  r=0.15 seed=13 gap=+0.841 (0s)
[A] digits         LogReg  r=0.15 seed=99 gap=+0.847 (0s)
[A] digits         LogReg  r=0.20 seed=42 gap=+0.795 (0s)
[A] digits         LogReg  r=0.20 seed=1 gap=+0.793 (0s)
[A] digits         LogReg  r=0.20 seed=7 gap=+0.792 (0s)
[A] digits         LogReg  r=0.20 seed=13 gap=+0.791 (0s)
[A] digits         LogReg  r=0.20 seed=99 gap=+0.798 (1s)
[A] digits         LogReg  r=0.25 seed=42 gap=+0.738 (0s)
[A] digits         LogReg  r=0.25 seed=1 gap=+0.747 (0s)
[A] digits         LogReg  r=0.25 seed=7 gap=+0.749 (0s)
[A] digits         LogReg  r=0.25 seed=13 gap=+0.756 (0s)
[A] digits         LogReg  r=0.25 seed=99 gap=+0.751 (0s)
[A] digits         LogReg  r=0.30 seed=42 gap=+0.697 (0s)
[A] digits         LogReg  r=0.30 seed=1 gap=+0.690 (0s)
[A] digits         LogReg  r=0.30 seed=7 gap=+0.706 (0s)
[A] digits         LogReg  r=0.30 seed=13 gap=+0.687 (0s)
[A] digits         LogReg  r=0.30 seed=99 gap=+0.706 (0s)
[A] digits         LogReg  r=0.35 seed=42 gap=+0.649 (0s)
[A] digits         LogReg  r=0.35 seed=1 gap=+0.642 (0s)
[A] digits         LogReg  r=0.35 seed=7 gap=+0.642 (0s)
[A] digits         LogReg  r=0.35 seed=13 gap=+0.657 (1s)
[A] digits         LogReg  r=0.35 seed=99 gap=+0.641 (0s)
[A] digits         RF      r=0.05 seed=42 gap=+0.137 (6s)
[A] digits         RF      r=0.05 seed=1 gap=+0.127 (6s)
[A] digits         RF      r=0.05 seed=7 gap=+0.132 (6s)
[A] digits         RF      r=0.05 seed=13 gap=+0.144 (6s)
[A] digits         RF      r=0.05 seed=99 gap=+0.128 (6s)
[A] digits         RF      r=0.10 seed=42 gap=+0.031 (6s)
[A] digits         RF      r=0.10 seed=1 gap=+0.031 (6s)
[A] digits         RF      r=0.10 seed=7 gap=+0.030 (6s)
[A] digits         RF      r=0.10 seed=13 gap=+0.031 (6s)
[A] digits         RF      r=0.10 seed=99 gap=+0.030 (6s)
[A] digits         RF      r=0.15 seed=42 gap=+0.033 (5s)
[A] digits         RF      r=0.15 seed=1 gap=+0.032 (5s)
[A] digits         RF      r=0.15 seed=7 gap=+0.037 (5s)
[A] digits         RF      r=0.15 seed=13 gap=+0.039 (5s)
[A] digits         RF      r=0.15 seed=99 gap=+0.034 (5s)
[A] digits         RF      r=0.20 seed=42 gap=+0.036 (5s)
[A] digits         RF      r=0.20 seed=1 gap=+0.050 (5s)
[A] digits         RF      r=0.20 seed=7 gap=+0.038 (5s)
[A] digits         RF      r=0.20 seed=13 gap=+0.038 (5s)
[A] digits         RF      r=0.20 seed=99 gap=+0.034 (5s)
[A] digits         RF      r=0.25 seed=42 gap=+0.038 (5s)
[A] digits         RF      r=0.25 seed=1 gap=+0.046 (5s)
[A] digits         RF      r=0.25 seed=7 gap=+0.039 (5s)
[A] digits         RF      r=0.25 seed=13 gap=+0.031 (5s)
[A] digits         RF      r=0.25 seed=99 gap=+0.041 (5s)
[A] digits         RF      r=0.30 seed=42 gap=+0.039 (4s)
[A] digits         RF      r=0.30 seed=1 gap=+0.047 (4s)
[A] digits         RF      r=0.30 seed=7 gap=+0.042 (4s)
[A] digits         RF      r=0.30 seed=13 gap=+0.041 (4s)
[A] digits         RF      r=0.30 seed=99 gap=+0.041 (4s)
[A] digits         RF      r=0.35 seed=42 gap=+0.040 (4s)
[A] digits         RF      r=0.35 seed=1 gap=+0.047 (5s)
[A] digits         RF      r=0.35 seed=7 gap=+0.047 (4s)
[A] digits         RF      r=0.35 seed=13 gap=+0.039 (4s)
[A] digits         RF      r=0.35 seed=99 gap=+0.043 (4s)
[A] segment        LogReg  r=0.05 seed=42 gap=+0.751 (1s)
[A] segment        LogReg  r=0.05 seed=1 gap=+0.728 (0s)
[A] segment        LogReg  r=0.05 seed=7 gap=+0.750 (0s)
[A] segment        LogReg  r=0.05 seed=13 gap=+0.741 (0s)
[A] segment        LogReg  r=0.05 seed=99 gap=+0.769 (0s)
[A] segment        LogReg  r=0.10 seed=42 gap=+0.751 (0s)
[A] segment        LogReg  r=0.10 seed=1 gap=+0.739 (0s)
[A] segment        LogReg  r=0.10 seed=7 gap=+0.742 (0s)
[A] segment        LogReg  r=0.10 seed=13 gap=+0.751 (0s)
[A] segment        LogReg  r=0.10 seed=99 gap=+0.741 (0s)
[A] segment        LogReg  r=0.15 seed=42 gap=+0.720 (0s)
[A] segment        LogReg  r=0.15 seed=1 gap=+0.709 (0s)
[A] segment        LogReg  r=0.15 seed=7 gap=+0.734 (0s)
[A] segment        LogReg  r=0.15 seed=13 gap=+0.726 (0s)
[A] segment        LogReg  r=0.15 seed=99 gap=+0.745 (0s)
[A] segment        LogReg  r=0.20 seed=42 gap=+0.701 (0s)
[A] segment        LogReg  r=0.20 seed=1 gap=+0.694 (0s)
[A] segment        LogReg  r=0.20 seed=7 gap=+0.704 (0s)
[A] segment        LogReg  r=0.20 seed=13 gap=+0.693 (0s)
[A] segment        LogReg  r=0.20 seed=99 gap=+0.697 (0s)
[A] segment        LogReg  r=0.25 seed=42 gap=+0.655 (0s)
[A] segment        LogReg  r=0.25 seed=1 gap=+0.660 (0s)
[A] segment        LogReg  r=0.25 seed=7 gap=+0.651 (0s)
[A] segment        LogReg  r=0.25 seed=13 gap=+0.657 (0s)
[A] segment        LogReg  r=0.25 seed=99 gap=+0.675 (0s)
[A] segment        LogReg  r=0.30 seed=42 gap=+0.599 (0s)
[A] segment        LogReg  r=0.30 seed=1 gap=+0.635 (0s)
[A] segment        LogReg  r=0.30 seed=7 gap=+0.600 (0s)
[A] segment        LogReg  r=0.30 seed=13 gap=+0.607 (0s)
[A] segment        LogReg  r=0.30 seed=99 gap=+0.607 (0s)
[A] segment        LogReg  r=0.35 seed=42 gap=+0.579 (0s)
[A] segment        LogReg  r=0.35 seed=1 gap=+0.587 (0s)
[A] segment        LogReg  r=0.35 seed=7 gap=+0.591 (0s)
[A] segment        LogReg  r=0.35 seed=13 gap=+0.586 (0s)
[A] segment        LogReg  r=0.35 seed=99 gap=+0.583 (0s)
[A] segment        RF      r=0.05 seed=42 gap=+0.011 (5s)
[A] segment        RF      r=0.05 seed=1 gap=+0.018 (4s)
[A] segment        RF      r=0.05 seed=7 gap=+0.013 (4s)
[A] segment        RF      r=0.05 seed=13 gap=+0.015 (4s)
[A] segment        RF      r=0.05 seed=99 gap=+0.010 (4s)
[A] segment        RF      r=0.10 seed=42 gap=+0.004 (5s)
[A] segment        RF      r=0.10 seed=1 gap=+0.002 (5s)
[A] segment        RF      r=0.10 seed=7 gap=+0.002 (5s)
[A] segment        RF      r=0.10 seed=13 gap=+0.003 (5s)
[A] segment        RF      r=0.10 seed=99 gap=+0.004 (5s)
[A] segment        RF      r=0.15 seed=42 gap=+0.002 (5s)
[A] segment        RF      r=0.15 seed=1 gap=+0.001 (5s)
[A] segment        RF      r=0.15 seed=7 gap=+0.001 (5s)
[A] segment        RF      r=0.15 seed=13 gap=+0.001 (5s)
[A] segment        RF      r=0.15 seed=99 gap=+0.002 (5s)
[A] segment        RF      r=0.20 seed=42 gap=+0.002 (4s)
[A] segment        RF      r=0.20 seed=1 gap=+0.001 (4s)
[A] segment        RF      r=0.20 seed=7 gap=+0.001 (4s)
[A] segment        RF      r=0.20 seed=13 gap=+0.001 (4s)
[A] segment        RF      r=0.20 seed=99 gap=+0.002 (4s)
[A] segment        RF      r=0.25 seed=42 gap=+0.001 (4s)
[A] segment        RF      r=0.25 seed=1 gap=+0.001 (4s)
[A] segment        RF      r=0.25 seed=7 gap=+0.001 (4s)
[A] segment        RF      r=0.25 seed=13 gap=+0.001 (4s)
[A] segment        RF      r=0.25 seed=99 gap=+0.002 (4s)
[A] segment        RF      r=0.30 seed=42 gap=+0.002 (4s)
[A] segment        RF      r=0.30 seed=1 gap=+0.003 (4s)
[A] segment        RF      r=0.30 seed=7 gap=+0.002 (4s)
[A] segment        RF      r=0.30 seed=13 gap=+0.000 (4s)
[A] segment        RF      r=0.30 seed=99 gap=+0.001 (4s)
[A] segment        RF      r=0.35 seed=42 gap=+0.002 (4s)
[A] segment        RF      r=0.35 seed=1 gap=+0.002 (4s)
[A] segment        RF      r=0.35 seed=7 gap=+0.001 (4s)
[A] segment        RF      r=0.35 seed=13 gap=+0.003 (4s)
[A] segment        RF      r=0.35 seed=99 gap=+0.001 (4s)
[A] vehicle        LogReg  r=0.05 seed=42 gap=+0.463 (0s)
[A] vehicle        LogReg  r=0.05 seed=1 gap=+0.445 (0s)
[A] vehicle        LogReg  r=0.05 seed=7 gap=+0.487 (0s)
[A] vehicle        LogReg  r=0.05 seed=13 gap=+0.484 (0s)
[A] vehicle        LogReg  r=0.05 seed=99 gap=+0.491 (0s)
[A] vehicle        LogReg  r=0.10 seed=42 gap=+0.571 (0s)
[A] vehicle        LogReg  r=0.10 seed=1 gap=+0.527 (0s)
[A] vehicle        LogReg  r=0.10 seed=7 gap=+0.547 (0s)
[A] vehicle        LogReg  r=0.10 seed=13 gap=+0.555 (0s)
[A] vehicle        LogReg  r=0.10 seed=99 gap=+0.541 (0s)
[A] vehicle        LogReg  r=0.15 seed=42 gap=+0.572 (0s)
[A] vehicle        LogReg  r=0.15 seed=1 gap=+0.550 (0s)
[A] vehicle        LogReg  r=0.15 seed=7 gap=+0.561 (0s)
[A] vehicle        LogReg  r=0.15 seed=13 gap=+0.572 (0s)
[A] vehicle        LogReg  r=0.15 seed=99 gap=+0.542 (0s)
[A] vehicle        LogReg  r=0.20 seed=42 gap=+0.559 (0s)
[A] vehicle        LogReg  r=0.20 seed=1 gap=+0.518 (0s)
[A] vehicle        LogReg  r=0.20 seed=7 gap=+0.564 (0s)
[A] vehicle        LogReg  r=0.20 seed=13 gap=+0.560 (0s)
[A] vehicle        LogReg  r=0.20 seed=99 gap=+0.560 (0s)
[A] vehicle        LogReg  r=0.25 seed=42 gap=+0.556 (0s)
[A] vehicle        LogReg  r=0.25 seed=1 gap=+0.568 (0s)
[A] vehicle        LogReg  r=0.25 seed=7 gap=+0.565 (0s)
[A] vehicle        LogReg  r=0.25 seed=13 gap=+0.569 (0s)
[A] vehicle        LogReg  r=0.25 seed=99 gap=+0.575 (0s)
[A] vehicle        LogReg  r=0.30 seed=42 gap=+0.535 (0s)
[A] vehicle        LogReg  r=0.30 seed=1 gap=+0.541 (0s)
[A] vehicle        LogReg  r=0.30 seed=7 gap=+0.542 (0s)
[A] vehicle        LogReg  r=0.30 seed=13 gap=+0.557 (0s)
[A] vehicle        LogReg  r=0.30 seed=99 gap=+0.534 (0s)
[A] vehicle        LogReg  r=0.35 seed=42 gap=+0.519 (0s)
[A] vehicle        LogReg  r=0.35 seed=1 gap=+0.524 (0s)
[A] vehicle        LogReg  r=0.35 seed=7 gap=+0.512 (0s)
[A] vehicle        LogReg  r=0.35 seed=13 gap=+0.494 (0s)
[A] vehicle        LogReg  r=0.35 seed=99 gap=+0.503 (0s)
[A] vehicle        RF      r=0.05 seed=42 gap=+0.310 (2s)
[A] vehicle        RF      r=0.05 seed=1 gap=+0.373 (2s)
[A] vehicle        RF      r=0.05 seed=7 gap=+0.386 (2s)
[A] vehicle        RF      r=0.05 seed=13 gap=+0.311 (2s)
[A] vehicle        RF      r=0.05 seed=99 gap=+0.420 (2s)
[A] vehicle        RF      r=0.10 seed=42 gap=+0.224 (2s)
[A] vehicle        RF      r=0.10 seed=1 gap=+0.194 (2s)
[A] vehicle        RF      r=0.10 seed=7 gap=+0.187 (2s)
[A] vehicle        RF      r=0.10 seed=13 gap=+0.232 (2s)
[A] vehicle        RF      r=0.10 seed=99 gap=+0.229 (2s)
[A] vehicle        RF      r=0.15 seed=42 gap=+0.172 (2s)
[A] vehicle        RF      r=0.15 seed=1 gap=+0.150 (2s)
[A] vehicle        RF      r=0.15 seed=7 gap=+0.151 (2s)
[A] vehicle        RF      r=0.15 seed=13 gap=+0.170 (2s)
[A] vehicle        RF      r=0.15 seed=99 gap=+0.142 (2s)
[A] vehicle        RF      r=0.20 seed=42 gap=+0.138 (2s)
[A] vehicle        RF      r=0.20 seed=1 gap=+0.129 (2s)
[A] vehicle        RF      r=0.20 seed=7 gap=+0.146 (2s)
[A] vehicle        RF      r=0.20 seed=13 gap=+0.151 (2s)
[A] vehicle        RF      r=0.20 seed=99 gap=+0.144 (2s)
[A] vehicle        RF      r=0.25 seed=42 gap=+0.119 (2s)
[A] vehicle        RF      r=0.25 seed=1 gap=+0.132 (2s)
[A] vehicle        RF      r=0.25 seed=7 gap=+0.118 (2s)
[A] vehicle        RF      r=0.25 seed=13 gap=+0.123 (2s)
[A] vehicle        RF      r=0.25 seed=99 gap=+0.123 (2s)
[A] vehicle        RF      r=0.30 seed=42 gap=+0.116 (2s)
[A] vehicle        RF      r=0.30 seed=1 gap=+0.129 (2s)
[A] vehicle        RF      r=0.30 seed=7 gap=+0.121 (2s)
[A] vehicle        RF      r=0.30 seed=13 gap=+0.119 (2s)
[A] vehicle        RF      r=0.30 seed=99 gap=+0.112 (2s)
[A] vehicle        RF      r=0.35 seed=42 gap=+0.124 (2s)
[A] vehicle        RF      r=0.35 seed=1 gap=+0.104 (2s)
[A] vehicle        RF      r=0.35 seed=7 gap=+0.113 (2s)
[A] vehicle        RF      r=0.35 seed=13 gap=+0.132 (2s)
[A] vehicle        RF      r=0.35 seed=99 gap=+0.109 (2s)
[A] letter         LogReg  r=0.05 seed=42 gap=+0.494 (1s)
[A] letter         LogReg  r=0.05 seed=1 gap=+0.511 (1s)
[A] letter         LogReg  r=0.05 seed=7 gap=+0.496 (1s)
[A] letter         LogReg  r=0.05 seed=13 gap=+0.496 (1s)
[A] letter         LogReg  r=0.05 seed=99 gap=+0.510 (1s)
[A] letter         LogReg  r=0.10 seed=42 gap=+0.547 (1s)
[A] letter         LogReg  r=0.10 seed=1 gap=+0.570 (0s)
[A] letter         LogReg  r=0.10 seed=7 gap=+0.560 (1s)
[A] letter         LogReg  r=0.10 seed=13 gap=+0.554 (1s)
[A] letter         LogReg  r=0.10 seed=99 gap=+0.565 (0s)
[A] letter         LogReg  r=0.15 seed=42 gap=+0.554 (0s)
[A] letter         LogReg  r=0.15 seed=1 gap=+0.568 (0s)
[A] letter         LogReg  r=0.15 seed=7 gap=+0.573 (0s)
[A] letter         LogReg  r=0.15 seed=13 gap=+0.570 (0s)
[A] letter         LogReg  r=0.15 seed=99 gap=+0.571 (0s)
[A] letter         LogReg  r=0.20 seed=42 gap=+0.555 (0s)
[A] letter         LogReg  r=0.20 seed=1 gap=+0.566 (0s)
[A] letter         LogReg  r=0.20 seed=7 gap=+0.572 (0s)
[A] letter         LogReg  r=0.20 seed=13 gap=+0.561 (0s)
[A] letter         LogReg  r=0.20 seed=99 gap=+0.556 (0s)
[A] letter         LogReg  r=0.25 seed=42 gap=+0.514 (0s)
[A] letter         LogReg  r=0.25 seed=1 gap=+0.470 (0s)
[A] letter         LogReg  r=0.25 seed=7 gap=+0.518 (0s)
[A] letter         LogReg  r=0.25 seed=13 gap=+0.499 (0s)
[A] letter         LogReg  r=0.25 seed=99 gap=+0.525 (0s)
[A] letter         LogReg  r=0.30 seed=42 gap=+0.406 (0s)
[A] letter         LogReg  r=0.30 seed=1 gap=+0.348 (0s)
[A] letter         LogReg  r=0.30 seed=7 gap=+0.430 (0s)
[A] letter         LogReg  r=0.30 seed=13 gap=+0.421 (0s)
[A] letter         LogReg  r=0.30 seed=99 gap=+0.417 (0s)
[A] letter         LogReg  r=0.35 seed=42 gap=+nan (0s)
[A] letter         LogReg  r=0.35 seed=1 gap=+0.044 (0s)
[A] letter         LogReg  r=0.35 seed=7 gap=+0.243 (0s)
[A] letter         LogReg  r=0.35 seed=13 gap=+nan (0s)
[A] letter         LogReg  r=0.35 seed=99 gap=+nan (0s)
[A] letter         RF      r=0.05 seed=42 gap=+0.059 (12s)
[A] letter         RF      r=0.05 seed=1 gap=+0.060 (12s)
[A] letter         RF      r=0.05 seed=7 gap=+0.057 (12s)
[A] letter         RF      r=0.05 seed=13 gap=+0.068 (12s)
[A] letter         RF      r=0.05 seed=99 gap=+0.053 (13s)
[A] letter         RF      r=0.10 seed=42 gap=+0.079 (11s)
[A] letter         RF      r=0.10 seed=1 gap=+0.070 (11s)
[A] letter         RF      r=0.10 seed=7 gap=+0.077 (10s)
[A] letter         RF      r=0.10 seed=13 gap=+0.084 (11s)
[A] letter         RF      r=0.10 seed=99 gap=+0.074 (10s)
[A] letter         RF      r=0.15 seed=42 gap=+0.087 (10s)
[A] letter         RF      r=0.15 seed=1 gap=+0.091 (9s)
[A] letter         RF      r=0.15 seed=7 gap=+0.088 (10s)
[A] letter         RF      r=0.15 seed=13 gap=+0.095 (10s)
[A] letter         RF      r=0.15 seed=99 gap=+0.089 (10s)
[A] letter         RF      r=0.20 seed=42 gap=+0.088 (10s)
[A] letter         RF      r=0.20 seed=1 gap=+0.100 (9s)
[A] letter         RF      r=0.20 seed=7 gap=+0.081 (9s)
[A] letter         RF      r=0.20 seed=13 gap=+0.089 (10s)
[A] letter         RF      r=0.20 seed=99 gap=+0.086 (10s)
[A] letter         RF      r=0.25 seed=42 gap=+0.091 (9s)
[A] letter         RF      r=0.25 seed=1 gap=+0.086 (7s)
[A] letter         RF      r=0.25 seed=7 gap=+0.080 (7s)
[A] letter         RF      r=0.25 seed=13 gap=+0.094 (8s)
[A] letter         RF      r=0.25 seed=99 gap=+0.065 (8s)
[A] letter         RF      r=0.30 seed=42 gap=+0.065 (4s)
[A] letter         RF      r=0.30 seed=1 gap=+0.099 (5s)
[A] letter         RF      r=0.30 seed=7 gap=+0.070 (5s)
[A] letter         RF      r=0.30 seed=13 gap=+0.063 (4s)
[A] letter         RF      r=0.30 seed=99 gap=+0.092 (4s)
[A] letter         RF      r=0.35 seed=42 gap=+nan (0s)
[A] letter         RF      r=0.35 seed=1 gap=+0.030 (1s)
[A] letter         RF      r=0.35 seed=7 gap=+0.033 (2s)
[A] letter         RF      r=0.35 seed=13 gap=+nan (0s)
[A] letter         RF      r=0.35 seed=99 gap=+nan (0s)
REVFIX_IMBALANCE DONE
[P1] ml-Codesmell   LinearSVC  seed=42 d_int=+0.447 d_itr=-0.003 (7500s)
