### REVFIX2 START
[S] digits   seed=42 spec=0.975 softmax=0.995 (d=-0.019) intercept d=+0.819 interaction d=-0.001 (6s)
[S] digits   seed=1 spec=0.976 softmax=0.993 (d=-0.018) intercept d=+0.820 interaction d=-0.000 (6s)
[S] digits   seed=7 spec=0.973 softmax=0.993 (d=-0.021) intercept d=+0.814 interaction d=-0.000 (6s)
[S] digits   seed=13 spec=0.972 softmax=0.993 (d=-0.020) intercept d=+0.815 interaction d=+0.000 (6s)
[S] digits   seed=99 spec=0.974 softmax=0.992 (d=-0.018) intercept d=+0.817 interaction d=+0.001 (6s)
[S] segment  seed=42 spec=0.894 softmax=0.966 (d=-0.072) intercept d=+0.751 interaction d=-0.000 (3s)
[S] segment  seed=1 spec=0.893 softmax=0.968 (d=-0.075) intercept d=+0.750 interaction d=-0.001 (3s)
[S] segment  seed=7 spec=0.894 softmax=0.967 (d=-0.073) intercept d=+0.751 interaction d=+0.001 (3s)
[S] segment  seed=13 spec=0.893 softmax=0.968 (d=-0.074) intercept d=+0.750 interaction d=+0.000 (3s)
[S] segment  seed=99 spec=0.894 softmax=0.969 (d=-0.075) intercept d=+0.752 interaction d=+0.000 (3s)
[S] vehicle  seed=42 spec=0.806 softmax=0.851 (d=-0.045) intercept d=+0.424 interaction d=+0.001 (2s)
[S] vehicle  seed=1 spec=0.803 softmax=0.848 (d=-0.045) intercept d=+0.417 interaction d=+0.001 (2s)
[S] vehicle  seed=7 spec=0.801 softmax=0.846 (d=-0.045) intercept d=+0.416 interaction d=-0.000 (2s)
[S] vehicle  seed=13 spec=0.806 softmax=0.849 (d=-0.043) intercept d=+0.421 interaction d=-0.000 (2s)
[S] vehicle  seed=99 spec=0.805 softmax=0.855 (d=-0.049) intercept d=+0.421 interaction d=-0.000 (2s)
[S] letter   seed=42 spec=0.503 softmax=0.784 (d=-0.281) intercept d=+0.431 interaction d=-0.001 (11s)
[S] letter   seed=1 spec=0.528 softmax=0.794 (d=-0.266) intercept d=+0.460 interaction d=+0.001 (11s)
[S] letter   seed=7 spec=0.511 softmax=0.780 (d=-0.270) intercept d=+0.438 interaction d=-0.001 (11s)
[S] letter   seed=13 spec=0.515 softmax=0.788 (d=-0.274) intercept d=+0.442 interaction d=-0.001 (12s)
[S] letter   seed=99 spec=0.522 softmax=0.798 (d=-0.275) intercept d=+0.450 interaction d=-0.001 (11s)
REVFIX_SOFTMAX DONE
[T] IST2021        LogReg     seed=42 dF1@0.5=+0.158 dF1@best=+0.123 dAP_int=+0.166 dAP_itr=-0.001 (5s)
[T] IST2021        LogReg     seed=1 dF1@0.5=+0.162 dF1@best=+0.113 dAP_int=+0.172 dAP_itr=+0.002 (5s)
[T] IST2021        LogReg     seed=7 dF1@0.5=+0.152 dF1@best=+0.111 dAP_int=+0.167 dAP_itr=-0.000 (5s)
[T] IST2021        LogReg     seed=13 dF1@0.5=+0.161 dF1@best=+0.111 dAP_int=+0.167 dAP_itr=-0.001 (6s)
[T] IST2021        LogReg     seed=99 dF1@0.5=+0.151 dF1@best=+0.116 dAP_int=+0.166 dAP_itr=+0.001 (6s)
[T] IST2021        RF         seed=42 dF1@0.5=+0.049 dF1@best=+0.038 dAP_int=+0.036 dAP_itr=+0.005 (10s)
[T] IST2021        RF         seed=1 dF1@0.5=+0.062 dF1@best=+0.036 dAP_int=+0.034 dAP_itr=+0.002 (11s)
[T] IST2021        RF         seed=7 dF1@0.5=+0.069 dF1@best=+0.037 dAP_int=+0.035 dAP_itr=+0.004 (11s)
[T] IST2021        RF         seed=13 dF1@0.5=+0.060 dF1@best=+0.028 dAP_int=+0.037 dAP_itr=+0.008 (10s)
[T] IST2021        RF         seed=99 dF1@0.5=+0.065 dF1@best=+0.026 dAP_int=+0.023 dAP_itr=+0.002 (9s)
[T] IST2021        HistGB     seed=42 dF1@0.5=+0.004 dF1@best=+0.012 dAP_int=+0.009 dAP_itr=-0.011 (74s)
[T] IST2021        HistGB     seed=1 dF1@0.5=+0.017 dF1@best=+0.015 dAP_int=+0.011 dAP_itr=-0.005 (77s)
[T] IST2021        HistGB     seed=7 dF1@0.5=+0.011 dF1@best=+0.012 dAP_int=+0.012 dAP_itr=-0.011 (79s)
[T] IST2021        HistGB     seed=13 dF1@0.5=+0.012 dF1@best=+0.010 dAP_int=+0.013 dAP_itr=+0.002 (79s)
[T] IST2021        HistGB     seed=99 dF1@0.5=+0.002 dF1@best=+0.004 dAP_int=-0.000 dAP_itr=-0.013 (73s)
[T] IST2021        LinearSVC  seed=42 dF1@0.5=+0.168 dF1@best=+0.124 dAP_int=+0.173 dAP_itr=-0.001 (5s)
[T] IST2021        LinearSVC  seed=1 dF1@0.5=+0.169 dF1@best=+0.118 dAP_int=+0.178 dAP_itr=+0.001 (3s)
[T] IST2021        LinearSVC  seed=7 dF1@0.5=+0.154 dF1@best=+0.107 dAP_int=+0.174 dAP_itr=+0.001 (3s)
[T] IST2021        LinearSVC  seed=13 dF1@0.5=+0.164 dF1@best=+0.124 dAP_int=+0.181 dAP_itr=-0.001 (3s)
[T] IST2021        LinearSVC  seed=99 dF1@0.5=+0.147 dF1@best=+0.122 dAP_int=+0.168 dAP_itr=+0.000 (5s)
[T] ImprovMLCQ     LogReg     seed=42 dF1@0.5=+0.145 dF1@best=+0.091 dAP_int=+0.067 dAP_itr=-0.000 (77s)
[T] ImprovMLCQ     LogReg     seed=1 dF1@0.5=+0.144 dF1@best=+0.090 dAP_int=+0.065 dAP_itr=-0.000 (78s)
[T] ImprovMLCQ     LogReg     seed=7 dF1@0.5=+0.145 dF1@best=+0.092 dAP_int=+0.065 dAP_itr=+0.000 (72s)
[T] ImprovMLCQ     LogReg     seed=13 dF1@0.5=+0.147 dF1@best=+0.091 dAP_int=+0.065 dAP_itr=+0.000 (69s)
[T] ImprovMLCQ     LogReg     seed=99 dF1@0.5=+0.145 dF1@best=+0.088 dAP_int=+0.064 dAP_itr=+0.000 (76s)
[T] ImprovMLCQ     RF         seed=42 dF1@0.5=-0.027 dF1@best=-0.009 dAP_int=-0.006 dAP_itr=-0.006 (37s)
[T] ImprovMLCQ     RF         seed=1 dF1@0.5=-0.026 dF1@best=-0.006 dAP_int=-0.003 dAP_itr=-0.002 (39s)
[T] ImprovMLCQ     RF         seed=7 dF1@0.5=-0.026 dF1@best=-0.005 dAP_int=-0.004 dAP_itr=-0.004 (37s)
[T] ImprovMLCQ     RF         seed=13 dF1@0.5=-0.030 dF1@best=-0.005 dAP_int=-0.003 dAP_itr=-0.002 (39s)
[T] ImprovMLCQ     RF         seed=99 dF1@0.5=-0.031 dF1@best=-0.003 dAP_int=-0.004 dAP_itr=-0.003 (38s)
[T] ImprovMLCQ     HistGB     seed=42 dF1@0.5=+0.029 dF1@best=+0.053 dAP_int=+0.013 dAP_itr=+0.004 (102s)
[T] ImprovMLCQ     HistGB     seed=1 dF1@0.5=+0.021 dF1@best=+0.049 dAP_int=+0.015 dAP_itr=+0.008 (91s)
[T] ImprovMLCQ     HistGB     seed=7 dF1@0.5=+0.023 dF1@best=+0.050 dAP_int=+0.009 dAP_itr=-0.002 (101s)
[T] ImprovMLCQ     HistGB     seed=13 dF1@0.5=+0.020 dF1@best=+0.050 dAP_int=+0.013 dAP_itr=+0.005 (91s)
[T] ImprovMLCQ     HistGB     seed=99 dF1@0.5=+0.026 dF1@best=+0.051 dAP_int=+0.014 dAP_itr=+0.009 (97s)
[T] ImprovMLCQ     LinearSVC  seed=42 dF1@0.5=+0.142 dF1@best=+0.092 dAP_int=+0.068 dAP_itr=-0.000 (152s)
[T] ImprovMLCQ     LinearSVC  seed=1 dF1@0.5=+0.144 dF1@best=+0.092 dAP_int=+0.067 dAP_itr=+0.000 (131s)
[T] ImprovMLCQ     LinearSVC  seed=7 dF1@0.5=+0.144 dF1@best=+0.092 dAP_int=+0.065 dAP_itr=-0.000 (130s)
[T] ImprovMLCQ     LinearSVC  seed=13 dF1@0.5=+0.145 dF1@best=+0.089 dAP_int=+0.066 dAP_itr=-0.000 (128s)
[T] ImprovMLCQ     LinearSVC  seed=99 dF1@0.5=+0.144 dF1@best=+0.091 dAP_int=+0.065 dAP_itr=+0.000 (143s)
[T] Crowdsmelling  LogReg     seed=42 dF1@0.5=-0.010 dF1@best=+0.008 dAP_int=+0.027 dAP_itr=-0.002 (7s)
[T] Crowdsmelling  LogReg     seed=1 dF1@0.5=-0.002 dF1@best=+0.008 dAP_int=+0.023 dAP_itr=+0.001 (6s)
[T] Crowdsmelling  LogReg     seed=7 dF1@0.5=-0.022 dF1@best=+0.003 dAP_int=+0.025 dAP_itr=-0.003 (5s)
[T] Crowdsmelling  LogReg     seed=13 dF1@0.5=-0.024 dF1@best=+0.006 dAP_int=+0.027 dAP_itr=+0.002 (7s)
[T] Crowdsmelling  LogReg     seed=99 dF1@0.5=-0.000 dF1@best=+0.004 dAP_int=+0.025 dAP_itr=+0.002 (6s)
[T] Crowdsmelling  RF         seed=42 dF1@0.5=-0.046 dF1@best=-0.000 dAP_int=+0.005 dAP_itr=+0.005 (5s)
[T] Crowdsmelling  RF         seed=1 dF1@0.5=-0.030 dF1@best=-0.001 dAP_int=-0.002 dAP_itr=-0.002 (5s)
[T] Crowdsmelling  RF         seed=7 dF1@0.5=-0.047 dF1@best=+0.000 dAP_int=+0.002 dAP_itr=+0.001 (6s)
[T] Crowdsmelling  RF         seed=13 dF1@0.5=-0.047 dF1@best=+0.000 dAP_int=-0.002 dAP_itr=+0.000 (5s)
[T] Crowdsmelling  RF         seed=99 dF1@0.5=-0.035 dF1@best=-0.000 dAP_int=-0.005 dAP_itr=-0.006 (5s)
[T] Crowdsmelling  HistGB     seed=42 dF1@0.5=-0.041 dF1@best=+0.000 dAP_int=+0.003 dAP_itr=-0.000 (25s)
[T] Crowdsmelling  HistGB     seed=1 dF1@0.5=-0.029 dF1@best=+0.001 dAP_int=+0.002 dAP_itr=+0.001 (25s)
[T] Crowdsmelling  HistGB     seed=7 dF1@0.5=-0.054 dF1@best=-0.002 dAP_int=+0.002 dAP_itr=+0.000 (28s)
[T] Crowdsmelling  HistGB     seed=13 dF1@0.5=-0.046 dF1@best=-0.001 dAP_int=+0.002 dAP_itr=+0.004 (30s)
[T] Crowdsmelling  HistGB     seed=99 dF1@0.5=-0.036 dF1@best=-0.002 dAP_int=+0.001 dAP_itr=-0.001 (28s)
[T] Crowdsmelling  LinearSVC  seed=42 dF1@0.5=-0.012 dF1@best=+0.007 dAP_int=+0.023 dAP_itr=+0.001 (24s)
[T] Crowdsmelling  LinearSVC  seed=1 dF1@0.5=-0.006 dF1@best=+0.004 dAP_int=+0.016 dAP_itr=+0.002 (27s)
[T] Crowdsmelling  LinearSVC  seed=7 dF1@0.5=-0.021 dF1@best=+0.004 dAP_int=+0.025 dAP_itr=-0.001 (27s)
[T] Crowdsmelling  LinearSVC  seed=13 dF1@0.5=-0.024 dF1@best=+0.006 dAP_int=+0.023 dAP_itr=+0.003 (25s)
[T] Crowdsmelling  LinearSVC  seed=99 dF1@0.5=-0.005 dF1@best=+0.002 dAP_int=+0.022 dAP_itr=+0.005 (26s)
[T] SmellyCode++   LogReg     seed=42 dF1@0.5=+0.040 dF1@best=+0.027 dAP_int=+0.007 dAP_itr=-0.002 (24s)
[T] SmellyCode++   LogReg     seed=1 dF1@0.5=+0.048 dF1@best=+0.033 dAP_int=+0.016 dAP_itr=-0.004 (26s)
[T] SmellyCode++   LogReg     seed=7 dF1@0.5=+0.057 dF1@best=+0.044 dAP_int=+0.029 dAP_itr=-0.003 (34s)
[T] SmellyCode++   LogReg     seed=13 dF1@0.5=+0.049 dF1@best=+0.045 dAP_int=+0.017 dAP_itr=-0.003 (22s)
[T] SmellyCode++   LogReg     seed=99 dF1@0.5=+0.051 dF1@best=+0.040 dAP_int=+0.021 dAP_itr=-0.003 (25s)
[T] SmellyCode++   RF         seed=42 dF1@0.5=-0.015 dF1@best=-0.001 dAP_int=-0.012 dAP_itr=-0.001 (40s)
[T] SmellyCode++   RF         seed=1 dF1@0.5=-0.005 dF1@best=-0.011 dAP_int=-0.023 dAP_itr=-0.008 (38s)
[T] SmellyCode++   RF         seed=7 dF1@0.5=-0.002 dF1@best=-0.005 dAP_int=-0.010 dAP_itr=-0.003 (37s)
[T] SmellyCode++   RF         seed=13 dF1@0.5=+0.002 dF1@best=-0.015 dAP_int=-0.016 dAP_itr=-0.003 (40s)
[T] SmellyCode++   RF         seed=99 dF1@0.5=-0.002 dF1@best=-0.013 dAP_int=-0.016 dAP_itr=-0.001 (41s)
[T] SmellyCode++   HistGB     seed=42 dF1@0.5=+0.029 dF1@best=-0.004 dAP_int=-0.004 dAP_itr=+0.005 (47s)
[T] SmellyCode++   HistGB     seed=1 dF1@0.5=+0.016 dF1@best=-0.013 dAP_int=-0.011 dAP_itr=+0.000 (54s)
[T] SmellyCode++   HistGB     seed=7 dF1@0.5=+0.039 dF1@best=-0.008 dAP_int=-0.000 dAP_itr=-0.005 (49s)
[T] SmellyCode++   HistGB     seed=13 dF1@0.5=+0.022 dF1@best=-0.005 dAP_int=-0.010 dAP_itr=+0.003 (52s)
[T] SmellyCode++   HistGB     seed=99 dF1@0.5=+0.019 dF1@best=+0.001 dAP_int=+0.002 dAP_itr=+0.008 (49s)
[T] SmellyCode++   LinearSVC  seed=42 dF1@0.5=+0.055 dF1@best=+0.044 dAP_int=+0.029 dAP_itr=-0.002 (22s)
[T] SmellyCode++   LinearSVC  seed=1 dF1@0.5=+0.057 dF1@best=+0.055 dAP_int=+0.029 dAP_itr=-0.003 (27s)
[T] SmellyCode++   LinearSVC  seed=7 dF1@0.5=+0.060 dF1@best=+0.055 dAP_int=+0.033 dAP_itr=-0.001 (24s)
[T] SmellyCode++   LinearSVC  seed=13 dF1@0.5=+0.055 dF1@best=+0.065 dAP_int=+0.032 dAP_itr=-0.001 (34s)
[T] SmellyCode++   LinearSVC  seed=99 dF1@0.5=+0.052 dF1@best=+0.053 dAP_int=+0.024 dAP_itr=-0.001 (43s)
[T] ml-Codesmell   LogReg     seed=42 dF1@0.5=+0.318 dF1@best=+0.310 dAP_int=+0.485 dAP_itr=+0.004 (20s)
[T] ml-Codesmell   LogReg     seed=1 dF1@0.5=+0.298 dF1@best=+0.272 dAP_int=+0.463 dAP_itr=+0.005 (18s)
[T] ml-Codesmell   LogReg     seed=7 dF1@0.5=+0.309 dF1@best=+0.301 dAP_int=+0.489 dAP_itr=-0.001 (19s)
[T] ml-Codesmell   LogReg     seed=13 dF1@0.5=+0.310 dF1@best=+0.303 dAP_int=+0.474 dAP_itr=-0.004 (14s)
[T] ml-Codesmell   LogReg     seed=99 dF1@0.5=+0.308 dF1@best=+0.284 dAP_int=+0.467 dAP_itr=-0.000 (19s)
[T] ml-Codesmell   RF         seed=42 dF1@0.5=+0.022 dF1@best=+0.003 dAP_int=+0.003 dAP_itr=+0.001 (15s)
[T] ml-Codesmell   RF         seed=1 dF1@0.5=+0.022 dF1@best=+0.003 dAP_int=+0.001 dAP_itr=+0.000 (14s)
[T] ml-Codesmell   RF         seed=7 dF1@0.5=+0.026 dF1@best=+0.004 dAP_int=+0.001 dAP_itr=+0.000 (14s)
[T] ml-Codesmell   RF         seed=13 dF1@0.5=+0.030 dF1@best=+0.005 dAP_int=+0.001 dAP_itr=+0.000 (14s)
[T] ml-Codesmell   RF         seed=99 dF1@0.5=+0.013 dF1@best=+0.002 dAP_int=+0.001 dAP_itr=+0.001 (14s)
[T] ml-Codesmell   HistGB     seed=42 dF1@0.5=+0.001 dF1@best=-0.000 dAP_int=-0.000 dAP_itr=-0.001 (54s)
[T] ml-Codesmell   HistGB     seed=1 dF1@0.5=+0.003 dF1@best=+0.000 dAP_int=+0.000 dAP_itr=+0.001 (56s)
[T] ml-Codesmell   HistGB     seed=7 dF1@0.5=+0.004 dF1@best=+0.000 dAP_int=+0.000 dAP_itr=+0.000 (57s)
[T] ml-Codesmell   HistGB     seed=13 dF1@0.5=+0.000 dF1@best=-0.000 dAP_int=-0.000 dAP_itr=-0.000 (47s)
[T] ml-Codesmell   HistGB     seed=99 dF1@0.5=+0.003 dF1@best=-0.001 dAP_int=-0.000 dAP_itr=+0.000 (58s)
[T] ml-Codesmell   LinearSVC  seed=42 dF1@0.5=+0.434 dF1@best=+0.287 dAP_int=+0.429 dAP_itr=-0.000 (140s)
[T] ml-Codesmell   LinearSVC  seed=1 dF1@0.5=+0.458 dF1@best=+0.305 dAP_int=+0.447 dAP_itr=+0.001 (167s)
[T] ml-Codesmell   LinearSVC  seed=7 dF1@0.5=+0.430 dF1@best=+0.278 dAP_int=+0.409 dAP_itr=+0.000 (99s)
[T] ml-Codesmell   LinearSVC  seed=13 dF1@0.5=+0.391 dF1@best=+0.275 dAP_int=+0.428 dAP_itr=-0.006 (126s)
[T] ml-Codesmell   LinearSVC  seed=99 dF1@0.5=+0.453 dF1@best=+0.298 dAP_int=+0.420 dAP_itr=-0.009 (171s)
REVFIX_THRESHOLD DONE
### REVFIX2 ALL DONE
