IST2021        RF         seed=42 dF1=+0.060 dAP=+0.037 (6s)
IST2021        HistGB     seed=42 dF1=+0.005 dAP=+0.010 (13s)
IST2021        LogReg     seed=42 dF1=+0.158 dAP=+0.178 (1s)
IST2021        LinearSVC  seed=42 dF1=+0.174 dAP=+0.180 (1s)
IST2021        RF         seed=1 dF1=+0.064 dAP=+0.042 (6s)
IST2021        HistGB     seed=1 dF1=+0.028 dAP=+0.012 (14s)
IST2021        LogReg     seed=1 dF1=+0.167 dAP=+0.171 (0s)
IST2021        LinearSVC  seed=1 dF1=+0.172 dAP=+0.175 (1s)
IST2021        RF         seed=7 dF1=+0.066 dAP=+0.026 (6s)
IST2021        HistGB     seed=7 dF1=-0.003 dAP=-0.005 (14s)
IST2021        LogReg     seed=7 dF1=+0.151 dAP=+0.156 (0s)
IST2021        LinearSVC  seed=7 dF1=+0.158 dAP=+0.160 (1s)
IST2021        RF         seed=13 dF1=+0.065 dAP=+0.051 (6s)
IST2021        HistGB     seed=13 dF1=+0.024 dAP=+0.028 (14s)
IST2021        LogReg     seed=13 dF1=+0.171 dAP=+0.165 (0s)
IST2021        LinearSVC  seed=13 dF1=+0.178 dAP=+0.176 (1s)
IST2021        RF         seed=99 dF1=+0.060 dAP=+0.020 (6s)
IST2021        HistGB     seed=99 dF1=+0.005 dAP=-0.006 (14s)
IST2021        LogReg     seed=99 dF1=+0.152 dAP=+0.160 (0s)
IST2021        LinearSVC  seed=99 dF1=+0.154 dAP=+0.161 (1s)
ImprovMLCQ     RF         seed=42 dF1=-0.037 dAP=-0.007 (13s)
ImprovMLCQ     HistGB     seed=42 dF1=+0.024 dAP=+0.011 (20s)
ImprovMLCQ     LogReg     seed=42 dF1=+0.145 dAP=+0.066 (8s)
ImprovMLCQ     LinearSVC  seed=42 dF1=+0.144 dAP=+0.067 (17s)
ImprovMLCQ     RF         seed=1 dF1=-0.022 dAP=+0.003 (16s)
ImprovMLCQ     HistGB     seed=1 dF1=+0.022 dAP=+0.021 (23s)
ImprovMLCQ     LogReg     seed=1 dF1=+0.145 dAP=+0.065 (8s)
ImprovMLCQ     LinearSVC  seed=1 dF1=+0.144 dAP=+0.066 (18s)
ImprovMLCQ     RF         seed=7 dF1=-0.026 dAP=-0.002 (17s)
ImprovMLCQ     HistGB     seed=7 dF1=+0.025 dAP=+0.011 (26s)
ImprovMLCQ     LogReg     seed=7 dF1=+0.145 dAP=+0.066 (9s)
ImprovMLCQ     LinearSVC  seed=7 dF1=+0.144 dAP=+0.066 (16s)
ImprovMLCQ     RF         seed=13 dF1=-0.031 dAP=-0.002 (17s)
ImprovMLCQ     HistGB     seed=13 dF1=+0.019 dAP=+0.013 (22s)
ImprovMLCQ     LogReg     seed=13 dF1=+0.146 dAP=+0.065 (8s)
ImprovMLCQ     LinearSVC  seed=13 dF1=+0.143 dAP=+0.065 (19s)
ImprovMLCQ     RF         seed=99 dF1=-0.027 dAP=+0.003 (17s)
ImprovMLCQ     HistGB     seed=99 dF1=+0.032 dAP=+0.024 (21s)
ImprovMLCQ     LogReg     seed=99 dF1=+0.143 dAP=+0.063 (6s)
ImprovMLCQ     LinearSVC  seed=99 dF1=+0.143 dAP=+0.064 (17s)
Crowdsmelling  RF         seed=42 dF1=-0.033 dAP=+0.005 (3s)
Crowdsmelling  HistGB     seed=42 dF1=-0.026 dAP=-0.001 (6s)
Crowdsmelling  LogReg     seed=42 dF1=-0.000 dAP=+0.026 (0s)
Crowdsmelling  LinearSVC  seed=42 dF1=-0.006 dAP=+0.020 (5s)
Crowdsmelling  RF         seed=1 dF1=-0.025 dAP=-0.001 (3s)
Crowdsmelling  HistGB     seed=1 dF1=-0.027 dAP=+0.003 (6s)
Crowdsmelling  LogReg     seed=1 dF1=+0.011 dAP=+0.024 (0s)
Crowdsmelling  LinearSVC  seed=1 dF1=+0.005 dAP=+0.025 (5s)
Crowdsmelling  RF         seed=7 dF1=-0.035 dAP=+0.003 (3s)
Crowdsmelling  HistGB     seed=7 dF1=-0.037 dAP=+0.000 (5s)
Crowdsmelling  LogReg     seed=7 dF1=-0.015 dAP=+0.025 (0s)
Crowdsmelling  LinearSVC  seed=7 dF1=-0.018 dAP=+0.021 (5s)
Crowdsmelling  RF         seed=13 dF1=-0.048 dAP=-0.003 (3s)
Crowdsmelling  HistGB     seed=13 dF1=-0.044 dAP=-0.003 (6s)
Crowdsmelling  LogReg     seed=13 dF1=-0.016 dAP=+0.029 (0s)
Crowdsmelling  LinearSVC  seed=13 dF1=-0.016 dAP=+0.032 (5s)
Crowdsmelling  RF         seed=99 dF1=-0.031 dAP=-0.001 (3s)
Crowdsmelling  HistGB     seed=99 dF1=-0.036 dAP=+0.003 (5s)
Crowdsmelling  LogReg     seed=99 dF1=-0.007 dAP=+0.025 (0s)
Crowdsmelling  LinearSVC  seed=99 dF1=-0.006 dAP=+0.027 (4s)
SmellyCode++   RF         seed=42 dF1=-0.015 dAP=-0.009 (51s)
SmellyCode++   HistGB     seed=42 dF1=+0.009 dAP=+0.003 (24s)
SmellyCode++   LogReg     seed=42 dF1=+0.054 dAP=+0.017 (12s)
SmellyCode++   LinearSVC  seed=42 dF1=+0.056 dAP=+0.021 (9s)
SmellyCode++   RF         seed=1 dF1=-0.005 dAP=-0.018 (53s)
SmellyCode++   HistGB     seed=1 dF1=+0.009 dAP=+0.001 (21s)
SmellyCode++   LogReg     seed=1 dF1=+0.055 dAP=+0.014 (11s)
SmellyCode++   LinearSVC  seed=1 dF1=+0.055 dAP=+0.020 (9s)
SmellyCode++   RF         seed=7 dF1=-0.001 dAP=-0.014 (51s)
SmellyCode++   HistGB     seed=7 dF1=+0.014 dAP=+0.003 (20s)
SmellyCode++   LogReg     seed=7 dF1=+0.057 dAP=+0.028 (9s)
SmellyCode++   LinearSVC  seed=7 dF1=+0.057 dAP=+0.029 (11s)
SmellyCode++   RF         seed=13 dF1=+0.002 dAP=-0.007 (52s)
SmellyCode++   HistGB     seed=13 dF1=+0.011 dAP=+0.004 (20s)
SmellyCode++   LogReg     seed=13 dF1=+0.054 dAP=+0.025 (9s)
SmellyCode++   LinearSVC  seed=13 dF1=+0.056 dAP=+0.027 (10s)
SmellyCode++   RF         seed=99 dF1=+0.002 dAP=-0.013 (52s)
SmellyCode++   HistGB     seed=99 dF1=+0.012 dAP=-0.002 (21s)
SmellyCode++   LogReg     seed=99 dF1=+0.055 dAP=+0.015 (7s)
SmellyCode++   LinearSVC  seed=99 dF1=+0.058 dAP=+0.016 (11s)
ml-Codesmell   RF         seed=42 dF1=+0.009 dAP=+0.000 (14s)
ml-Codesmell   HistGB     seed=42 dF1=-0.000 dAP=+0.000 (21s)
ml-Codesmell   LogReg     seed=42 dF1=+0.309 dAP=+0.495 (5s)
ml-Codesmell   LinearSVC  seed=42 dF1=+0.434 dAP=+0.443 (24s)
ml-Codesmell   RF         seed=1 dF1=+0.005 dAP=+0.000 (14s)
ml-Codesmell   HistGB     seed=1 dF1=+0.000 dAP=-0.000 (21s)
ml-Codesmell   LogReg     seed=1 dF1=+0.304 dAP=+0.493 (5s)
ml-Codesmell   LinearSVC  seed=1 dF1=+0.431 dAP=+0.428 (32s)
ml-Codesmell   RF         seed=7 dF1=+0.009 dAP=+0.000 (14s)
ml-Codesmell   HistGB     seed=7 dF1=-0.000 dAP=-0.000 (21s)
ml-Codesmell   LogReg     seed=7 dF1=+0.308 dAP=+0.496 (6s)
ml-Codesmell   LinearSVC  seed=7 dF1=+0.432 dAP=+0.448 (38s)
ml-Codesmell   RF         seed=13 dF1=+0.004 dAP=+0.000 (14s)
ml-Codesmell   HistGB     seed=13 dF1=+0.001 dAP=+0.004 (22s)
ml-Codesmell   LogReg     seed=13 dF1=+0.302 dAP=+0.491 (5s)
ml-Codesmell   LinearSVC  seed=13 dF1=+0.441 dAP=+0.448 (20s)
ml-Codesmell   RF         seed=99 dF1=+0.003 dAP=+0.000 (14s)
ml-Codesmell   HistGB     seed=99 dF1=-0.001 dAP=-0.000 (21s)
ml-Codesmell   LogReg     seed=99 dF1=+0.295 dAP=+0.474 (6s)
ml-Codesmell   LinearSVC  seed=99 dF1=+0.456 dAP=+0.437 (58s)
R1 DONE
