IST2021_down RF rate=33% seed=42 dF1=+0.064 dAP=+0.034 (6s)
IST2021_down RF rate=33% seed=1 dF1=+0.084 dAP=+0.043 (6s)
IST2021_down RF rate=33% seed=7 dF1=+0.073 dAP=+0.052 (6s)
IST2021_down RF rate=33% seed=13 dF1=+0.055 dAP=+0.022 (6s)
IST2021_down RF rate=33% seed=99 dF1=+0.068 dAP=+0.031 (6s)
IST2021_down RF rate=20% seed=42 dF1=+0.074 dAP=+0.058 (6s)
IST2021_down RF rate=20% seed=1 dF1=+0.053 dAP=+0.029 (6s)
IST2021_down RF rate=20% seed=7 dF1=+0.092 dAP=+0.055 (6s)
IST2021_down RF rate=20% seed=13 dF1=+0.093 dAP=+0.083 (6s)
IST2021_down RF rate=20% seed=99 dF1=+0.099 dAP=+0.055 (6s)
IST2021_down RF rate=10% seed=42 dF1=+0.165 dAP=+0.063 (6s)
IST2021_down RF rate=10% seed=1 dF1=+0.125 dAP=+0.016 (6s)
IST2021_down RF rate=10% seed=7 dF1=+0.127 dAP=+0.067 (6s)
IST2021_down RF rate=10% seed=13 dF1=+0.081 dAP=+0.075 (6s)
IST2021_down RF rate=10% seed=99 dF1=+0.173 dAP=+0.082 (6s)
IST2021_down RF rate=5% seed=42 dF1=+0.167 dAP=+0.099 (5s)
IST2021_down RF rate=5% seed=1 dF1=+0.256 dAP=+0.154 (5s)
IST2021_down RF rate=5% seed=7 dF1=+0.223 dAP=+0.169 (6s)
IST2021_down RF rate=5% seed=13 dF1=+0.192 dAP=+0.190 (6s)
IST2021_down RF rate=5% seed=99 dF1=+0.272 dAP=+0.143 (6s)
IST2021_down LogReg rate=33% seed=42 dF1=+0.181 dAP=+0.185 (1s)
IST2021_down LogReg rate=33% seed=1 dF1=+0.155 dAP=+0.166 (1s)
IST2021_down LogReg rate=33% seed=7 dF1=+0.165 dAP=+0.172 (1s)
IST2021_down LogReg rate=33% seed=13 dF1=+0.158 dAP=+0.172 (1s)
IST2021_down LogReg rate=33% seed=99 dF1=+0.155 dAP=+0.168 (1s)
IST2021_down LogReg rate=20% seed=42 dF1=+0.192 dAP=+0.207 (1s)
IST2021_down LogReg rate=20% seed=1 dF1=+0.171 dAP=+0.182 (0s)
IST2021_down LogReg rate=20% seed=7 dF1=+0.193 dAP=+0.195 (0s)
IST2021_down LogReg rate=20% seed=13 dF1=+0.232 dAP=+0.210 (1s)
IST2021_down LogReg rate=20% seed=99 dF1=+0.198 dAP=+0.176 (1s)
IST2021_down LogReg rate=10% seed=42 dF1=+0.275 dAP=+0.218 (1s)
IST2021_down LogReg rate=10% seed=1 dF1=+0.239 dAP=+0.211 (1s)
IST2021_down LogReg rate=10% seed=7 dF1=+0.241 dAP=+0.243 (0s)
IST2021_down LogReg rate=10% seed=13 dF1=+0.214 dAP=+0.221 (0s)
IST2021_down LogReg rate=10% seed=99 dF1=+0.208 dAP=+0.176 (1s)
IST2021_down LogReg rate=5% seed=42 dF1=+0.241 dAP=+0.231 (1s)
IST2021_down LogReg rate=5% seed=1 dF1=+0.250 dAP=+0.315 (0s)
IST2021_down LogReg rate=5% seed=7 dF1=+0.270 dAP=+0.254 (1s)
IST2021_down LogReg rate=5% seed=13 dF1=+0.243 dAP=+0.266 (1s)
IST2021_down LogReg rate=5% seed=99 dF1=+0.242 dAP=+0.297 (0s)
SmellyCode_up RF rate=5% seed=42 dF1=+0.004 dAP=-0.006 (31s)
SmellyCode_up RF rate=5% seed=1 dF1=+0.001 dAP=-0.003 (31s)
SmellyCode_up RF rate=5% seed=7 dF1=+0.012 dAP=-0.003 (30s)
SmellyCode_up RF rate=5% seed=13 dF1=+0.006 dAP=-0.006 (29s)
SmellyCode_up RF rate=5% seed=99 dF1=+0.008 dAP=-0.008 (29s)
SmellyCode_up RF rate=10% seed=42 dF1=+0.008 dAP=-0.008 (17s)
SmellyCode_up RF rate=10% seed=1 dF1=+0.007 dAP=-0.003 (16s)
SmellyCode_up RF rate=10% seed=7 dF1=+0.019 dAP=-0.004 (17s)
SmellyCode_up RF rate=10% seed=13 dF1=+0.013 dAP=-0.011 (17s)
SmellyCode_up RF rate=10% seed=99 dF1=+0.004 dAP=-0.009 (16s)
SmellyCode_up RF rate=20% seed=42 dF1=+0.001 dAP=-0.006 (10s)
SmellyCode_up RF rate=20% seed=1 dF1=+0.007 dAP=-0.011 (11s)
SmellyCode_up RF rate=20% seed=7 dF1=+0.004 dAP=-0.007 (11s)
SmellyCode_up RF rate=20% seed=13 dF1=+0.008 dAP=-0.006 (11s)
SmellyCode_up RF rate=20% seed=99 dF1=-0.000 dAP=-0.008 (11s)
SmellyCode_up RF rate=33% seed=42 dF1=+0.004 dAP=-0.004 (8s)
SmellyCode_up RF rate=33% seed=1 dF1=-0.002 dAP=-0.001 (8s)
SmellyCode_up RF rate=33% seed=7 dF1=-0.001 dAP=-0.007 (8s)
SmellyCode_up RF rate=33% seed=13 dF1=-0.005 dAP=-0.007 (8s)
SmellyCode_up RF rate=33% seed=99 dF1=-0.005 dAP=-0.006 (8s)
SmellyCode_up LogReg rate=5% seed=42 dF1=+0.047 dAP=+0.045 (6s)
SmellyCode_up LogReg rate=5% seed=1 dF1=+0.038 dAP=+0.039 (4s)
SmellyCode_up LogReg rate=5% seed=7 dF1=+0.043 dAP=+0.047 (5s)
SmellyCode_up LogReg rate=5% seed=13 dF1=+0.052 dAP=+0.051 (6s)
SmellyCode_up LogReg rate=5% seed=99 dF1=+0.041 dAP=+0.043 (4s)
SmellyCode_up LogReg rate=10% seed=42 dF1=+0.073 dAP=+0.075 (3s)
SmellyCode_up LogReg rate=10% seed=1 dF1=+0.053 dAP=+0.051 (2s)
SmellyCode_up LogReg rate=10% seed=7 dF1=+0.070 dAP=+0.064 (3s)
SmellyCode_up LogReg rate=10% seed=13 dF1=+0.073 dAP=+0.066 (3s)
SmellyCode_up LogReg rate=10% seed=99 dF1=+0.058 dAP=+0.056 (2s)
SmellyCode_up LogReg rate=20% seed=42 dF1=+0.105 dAP=+0.103 (1s)
SmellyCode_up LogReg rate=20% seed=1 dF1=+0.074 dAP=+0.069 (1s)
SmellyCode_up LogReg rate=20% seed=7 dF1=+0.099 dAP=+0.081 (1s)
SmellyCode_up LogReg rate=20% seed=13 dF1=+0.106 dAP=+0.107 (1s)
SmellyCode_up LogReg rate=20% seed=99 dF1=+0.071 dAP=+0.068 (1s)
SmellyCode_up LogReg rate=33% seed=42 dF1=+0.135 dAP=+0.122 (1s)
SmellyCode_up LogReg rate=33% seed=1 dF1=+0.094 dAP=+0.073 (1s)
SmellyCode_up LogReg rate=33% seed=7 dF1=+0.105 dAP=+0.076 (1s)
SmellyCode_up LogReg rate=33% seed=13 dF1=+0.119 dAP=+0.101 (1s)
SmellyCode_up LogReg rate=33% seed=99 dF1=+0.097 dAP=+0.076 (1s)
R2 DONE
