IST2021        LogReg  r=0.05 seed=42 gap=+0.194 (0s)
IST2021        LogReg  r=0.05 seed=1 gap=+0.258 (1s)
IST2021        LogReg  r=0.05 seed=7 gap=+0.210 (1s)
IST2021        LogReg  r=0.05 seed=13 gap=+0.256 (1s)
IST2021        LogReg  r=0.05 seed=99 gap=+0.157 (1s)
IST2021        LogReg  r=0.10 seed=42 gap=+0.216 (1s)
IST2021        LogReg  r=0.10 seed=1 gap=+0.210 (2s)
IST2021        LogReg  r=0.10 seed=7 gap=+0.245 (1s)
IST2021        LogReg  r=0.10 seed=13 gap=+0.228 (1s)
IST2021        LogReg  r=0.10 seed=99 gap=+0.221 (1s)
IST2021        LogReg  r=0.20 seed=42 gap=+0.181 (3s)
IST2021        LogReg  r=0.20 seed=1 gap=+0.175 (2s)
IST2021        LogReg  r=0.20 seed=7 gap=+0.173 (1s)
IST2021        LogReg  r=0.20 seed=13 gap=+0.190 (3s)
IST2021        LogReg  r=0.20 seed=99 gap=+0.188 (2s)
IST2021        LogReg  r=0.33 seed=42 gap=+0.178 (2s)
IST2021        LogReg  r=0.33 seed=1 gap=+0.167 (2s)
IST2021        LogReg  r=0.33 seed=7 gap=+0.169 (2s)
IST2021        LogReg  r=0.33 seed=13 gap=+0.173 (2s)
IST2021        LogReg  r=0.33 seed=99 gap=+0.168 (2s)
IST2021        RF      r=0.05 seed=42 gap=+0.167 (3s)
IST2021        RF      r=0.05 seed=1 gap=+0.196 (3s)
IST2021        RF      r=0.05 seed=7 gap=+0.115 (3s)
IST2021        RF      r=0.05 seed=13 gap=+0.104 (3s)
IST2021        RF      r=0.05 seed=99 gap=+0.064 (3s)
IST2021        RF      r=0.10 seed=42 gap=+0.061 (3s)
IST2021        RF      r=0.10 seed=1 gap=+0.075 (3s)
IST2021        RF      r=0.10 seed=7 gap=+0.072 (3s)
IST2021        RF      r=0.10 seed=13 gap=+0.041 (4s)
IST2021        RF      r=0.10 seed=99 gap=+0.068 (4s)
IST2021        RF      r=0.20 seed=42 gap=+0.018 (4s)
IST2021        RF      r=0.20 seed=1 gap=+0.038 (4s)
IST2021        RF      r=0.20 seed=7 gap=+0.077 (4s)
IST2021        RF      r=0.20 seed=13 gap=+0.052 (4s)
IST2021        RF      r=0.20 seed=99 gap=+0.032 (4s)
IST2021        RF      r=0.33 seed=42 gap=+0.043 (4s)
IST2021        RF      r=0.33 seed=1 gap=+0.035 (4s)
IST2021        RF      r=0.33 seed=7 gap=+0.056 (4s)
IST2021        RF      r=0.33 seed=13 gap=+0.023 (4s)
IST2021        RF      r=0.33 seed=99 gap=+0.037 (4s)
ImprovMLCQ     LogReg  r=0.05 seed=42 gap=+0.055 (19s)
ImprovMLCQ     LogReg  r=0.05 seed=1 gap=+0.057 (16s)
ImprovMLCQ     LogReg  r=0.05 seed=7 gap=+0.058 (12s)
ImprovMLCQ     LogReg  r=0.05 seed=13 gap=+0.056 (39s)
ImprovMLCQ     LogReg  r=0.05 seed=99 gap=+0.054 (171s)
ImprovMLCQ     LogReg  r=0.10 seed=42 gap=+0.074 (158s)
ImprovMLCQ     LogReg  r=0.10 seed=1 gap=+0.075 (146s)
ImprovMLCQ     LogReg  r=0.10 seed=7 gap=+0.074 (146s)
ImprovMLCQ     LogReg  r=0.10 seed=13 gap=+0.071 (145s)
ImprovMLCQ     LogReg  r=0.10 seed=99 gap=+0.074 (148s)
ImprovMLCQ     LogReg  r=0.20 seed=42 gap=+0.101 (86s)
ImprovMLCQ     LogReg  r=0.20 seed=1 gap=+0.115 (7s)
ImprovMLCQ     LogReg  r=0.20 seed=7 gap=+0.112 (7s)
ImprovMLCQ     LogReg  r=0.20 seed=13 gap=+0.109 (6s)
ImprovMLCQ     LogReg  r=0.20 seed=99 gap=+0.098 (7s)
ImprovMLCQ     LogReg  r=0.33 seed=42 gap=+0.116 (5s)
ImprovMLCQ     LogReg  r=0.33 seed=1 gap=+0.108 (5s)
ImprovMLCQ     LogReg  r=0.33 seed=7 gap=+0.113 (4s)
ImprovMLCQ     LogReg  r=0.33 seed=13 gap=+0.113 (5s)
ImprovMLCQ     LogReg  r=0.33 seed=99 gap=+0.126 (5s)
ImprovMLCQ     RF      r=0.05 seed=42 gap=+0.007 (9s)
ImprovMLCQ     RF      r=0.05 seed=1 gap=+0.004 (9s)
ImprovMLCQ     RF      r=0.05 seed=7 gap=-0.004 (9s)
ImprovMLCQ     RF      r=0.05 seed=13 gap=-0.006 (9s)
ImprovMLCQ     RF      r=0.05 seed=99 gap=+0.004 (9s)
ImprovMLCQ     RF      r=0.10 seed=42 gap=-0.003 (8s)
ImprovMLCQ     RF      r=0.10 seed=1 gap=+0.001 (8s)
ImprovMLCQ     RF      r=0.10 seed=7 gap=-0.004 (8s)
ImprovMLCQ     RF      r=0.10 seed=13 gap=-0.003 (8s)
ImprovMLCQ     RF      r=0.10 seed=99 gap=+0.001 (7s)
ImprovMLCQ     RF      r=0.20 seed=42 gap=+0.008 (5s)
ImprovMLCQ     RF      r=0.20 seed=1 gap=-0.003 (5s)
ImprovMLCQ     RF      r=0.20 seed=7 gap=+0.010 (5s)
ImprovMLCQ     RF      r=0.20 seed=13 gap=+0.004 (5s)
ImprovMLCQ     RF      r=0.20 seed=99 gap=+0.005 (5s)
ImprovMLCQ     RF      r=0.33 seed=42 gap=-0.001 (4s)
ImprovMLCQ     RF      r=0.33 seed=1 gap=+0.003 (4s)
ImprovMLCQ     RF      r=0.33 seed=7 gap=-0.001 (4s)
ImprovMLCQ     RF      r=0.33 seed=13 gap=+0.001 (4s)
ImprovMLCQ     RF      r=0.33 seed=99 gap=+0.014 (4s)
Crowdsmelling  LogReg  r=0.05 seed=42 gap=+nan (0s)
Crowdsmelling  LogReg  r=0.05 seed=1 gap=+nan (0s)
Crowdsmelling  LogReg  r=0.05 seed=7 gap=+nan (0s)
Crowdsmelling  LogReg  r=0.05 seed=13 gap=+nan (0s)
Crowdsmelling  LogReg  r=0.05 seed=99 gap=+nan (0s)
Crowdsmelling  LogReg  r=0.10 seed=42 gap=+nan (0s)
Crowdsmelling  LogReg  r=0.10 seed=1 gap=+nan (0s)
Crowdsmelling  LogReg  r=0.10 seed=7 gap=+nan (0s)
Crowdsmelling  LogReg  r=0.10 seed=13 gap=+nan (0s)
Crowdsmelling  LogReg  r=0.10 seed=99 gap=+nan (0s)
Crowdsmelling  LogReg  r=0.20 seed=42 gap=+nan (0s)
Crowdsmelling  LogReg  r=0.20 seed=1 gap=+nan (0s)
Crowdsmelling  LogReg  r=0.20 seed=7 gap=+nan (0s)
Crowdsmelling  LogReg  r=0.20 seed=13 gap=+nan (0s)
Crowdsmelling  LogReg  r=0.20 seed=99 gap=+nan (0s)
Crowdsmelling  LogReg  r=0.33 seed=42 gap=+0.061 (28s)
Crowdsmelling  LogReg  r=0.33 seed=1 gap=+0.003 (29s)
Crowdsmelling  LogReg  r=0.33 seed=7 gap=-0.026 (31s)
Crowdsmelling  LogReg  r=0.33 seed=13 gap=-0.010 (26s)
Crowdsmelling  LogReg  r=0.33 seed=99 gap=+0.018 (30s)
Crowdsmelling  RF      r=0.05 seed=42 gap=+nan (0s)
Crowdsmelling  RF      r=0.05 seed=1 gap=+nan (0s)
Crowdsmelling  RF      r=0.05 seed=7 gap=+nan (0s)
Crowdsmelling  RF      r=0.05 seed=13 gap=+nan (0s)
Crowdsmelling  RF      r=0.05 seed=99 gap=+nan (0s)
Crowdsmelling  RF      r=0.10 seed=42 gap=+nan (0s)
Crowdsmelling  RF      r=0.10 seed=1 gap=+nan (0s)
Crowdsmelling  RF      r=0.10 seed=7 gap=+nan (0s)
Crowdsmelling  RF      r=0.10 seed=13 gap=+nan (0s)
Crowdsmelling  RF      r=0.10 seed=99 gap=+nan (0s)
Crowdsmelling  RF      r=0.20 seed=42 gap=+nan (0s)
Crowdsmelling  RF      r=0.20 seed=1 gap=+nan (0s)
Crowdsmelling  RF      r=0.20 seed=7 gap=+nan (0s)
Crowdsmelling  RF      r=0.20 seed=13 gap=+nan (0s)
Crowdsmelling  RF      r=0.20 seed=99 gap=+nan (0s)
Crowdsmelling  RF      r=0.33 seed=42 gap=-0.009 (2s)
Crowdsmelling  RF      r=0.33 seed=1 gap=-0.011 (2s)
Crowdsmelling  RF      r=0.33 seed=7 gap=+0.011 (2s)
Crowdsmelling  RF      r=0.33 seed=13 gap=-0.005 (2s)
Crowdsmelling  RF      r=0.33 seed=99 gap=+0.011 (1s)
SmellyCode++   LogReg  r=0.05 seed=42 gap=+0.019 (5s)
SmellyCode++   LogReg  r=0.05 seed=1 gap=+0.023 (5s)
SmellyCode++   LogReg  r=0.05 seed=7 gap=+0.028 (6s)
SmellyCode++   LogReg  r=0.05 seed=13 gap=+0.033 (5s)
SmellyCode++   LogReg  r=0.05 seed=99 gap=+0.021 (4s)
SmellyCode++   LogReg  r=0.10 seed=42 gap=+0.049 (4s)
SmellyCode++   LogReg  r=0.10 seed=1 gap=+0.068 (4s)
SmellyCode++   LogReg  r=0.10 seed=7 gap=+0.055 (3s)
SmellyCode++   LogReg  r=0.10 seed=13 gap=+0.039 (4s)
SmellyCode++   LogReg  r=0.10 seed=99 gap=+0.031 (4s)
SmellyCode++   LogReg  r=0.20 seed=42 gap=+0.028 (2s)
SmellyCode++   LogReg  r=0.20 seed=1 gap=+0.083 (4s)
SmellyCode++   LogReg  r=0.20 seed=7 gap=+0.085 (2s)
SmellyCode++   LogReg  r=0.20 seed=13 gap=+0.034 (1s)
SmellyCode++   LogReg  r=0.20 seed=99 gap=+0.030 (3s)
SmellyCode++   LogReg  r=0.33 seed=42 gap=+0.139 (2s)
SmellyCode++   LogReg  r=0.33 seed=1 gap=+0.051 (3s)
SmellyCode++   LogReg  r=0.33 seed=7 gap=+0.093 (2s)
SmellyCode++   LogReg  r=0.33 seed=13 gap=+0.086 (2s)
SmellyCode++   LogReg  r=0.33 seed=99 gap=+0.069 (2s)
SmellyCode++   RF      r=0.05 seed=42 gap=-0.010 (8s)
SmellyCode++   RF      r=0.05 seed=1 gap=-0.020 (8s)
SmellyCode++   RF      r=0.05 seed=7 gap=-0.012 (8s)
SmellyCode++   RF      r=0.05 seed=13 gap=-0.024 (8s)
SmellyCode++   RF      r=0.05 seed=99 gap=-0.018 (8s)
SmellyCode++   RF      r=0.10 seed=42 gap=-0.020 (6s)
SmellyCode++   RF      r=0.10 seed=1 gap=-0.030 (6s)
SmellyCode++   RF      r=0.10 seed=7 gap=-0.020 (6s)
SmellyCode++   RF      r=0.10 seed=13 gap=-0.019 (6s)
SmellyCode++   RF      r=0.10 seed=99 gap=-0.030 (6s)
SmellyCode++   RF      r=0.20 seed=42 gap=-0.013 (5s)
SmellyCode++   RF      r=0.20 seed=1 gap=-0.029 (5s)
SmellyCode++   RF      r=0.20 seed=7 gap=-0.011 (4s)
SmellyCode++   RF      r=0.20 seed=13 gap=-0.021 (4s)
SmellyCode++   RF      r=0.20 seed=99 gap=-0.027 (4s)
SmellyCode++   RF      r=0.33 seed=42 gap=-0.008 (4s)
SmellyCode++   RF      r=0.33 seed=1 gap=-0.012 (4s)
SmellyCode++   RF      r=0.33 seed=7 gap=-0.020 (4s)
SmellyCode++   RF      r=0.33 seed=13 gap=-0.012 (4s)
SmellyCode++   RF      r=0.33 seed=99 gap=-0.023 (4s)
ml-Codesmell   LogReg  r=0.05 seed=42 gap=+0.483 (3s)
ml-Codesmell   LogReg  r=0.05 seed=1 gap=+0.469 (3s)
ml-Codesmell   LogReg  r=0.05 seed=7 gap=+0.439 (3s)
ml-Codesmell   LogReg  r=0.05 seed=13 gap=+0.459 (3s)
ml-Codesmell   LogReg  r=0.05 seed=99 gap=+0.452 (3s)
ml-Codesmell   LogReg  r=0.10 seed=42 gap=+0.330 (2s)
ml-Codesmell   LogReg  r=0.10 seed=1 gap=+0.322 (2s)
ml-Codesmell   LogReg  r=0.10 seed=7 gap=+0.324 (2s)
ml-Codesmell   LogReg  r=0.10 seed=13 gap=+0.297 (8s)
ml-Codesmell   LogReg  r=0.10 seed=99 gap=+0.341 (31s)
ml-Codesmell   LogReg  r=0.20 seed=42 gap=+0.175 (24s)
ml-Codesmell   LogReg  r=0.20 seed=1 gap=+0.209 (23s)
ml-Codesmell   LogReg  r=0.20 seed=7 gap=+0.190 (21s)
ml-Codesmell   LogReg  r=0.20 seed=13 gap=+0.167 (22s)
ml-Codesmell   LogReg  r=0.20 seed=99 gap=+0.175 (28s)
ml-Codesmell   LogReg  r=0.33 seed=42 gap=+0.107 (24s)
ml-Codesmell   LogReg  r=0.33 seed=1 gap=+0.100 (22s)
ml-Codesmell   LogReg  r=0.33 seed=7 gap=+0.101 (22s)
ml-Codesmell   LogReg  r=0.33 seed=13 gap=+0.111 (18s)
ml-Codesmell   LogReg  r=0.33 seed=99 gap=+0.088 (27s)
ml-Codesmell   RF      r=0.05 seed=42 gap=+0.005 (5s)
ml-Codesmell   RF      r=0.05 seed=1 gap=+0.004 (4s)
ml-Codesmell   RF      r=0.05 seed=7 gap=+0.001 (4s)
ml-Codesmell   RF      r=0.05 seed=13 gap=+0.001 (4s)
ml-Codesmell   RF      r=0.05 seed=99 gap=+0.001 (4s)
ml-Codesmell   RF      r=0.10 seed=42 gap=+0.002 (3s)
ml-Codesmell   RF      r=0.10 seed=1 gap=+0.000 (4s)
ml-Codesmell   RF      r=0.10 seed=7 gap=+0.002 (3s)
ml-Codesmell   RF      r=0.10 seed=13 gap=+0.003 (3s)
ml-Codesmell   RF      r=0.10 seed=99 gap=+0.004 (3s)
ml-Codesmell   RF      r=0.20 seed=42 gap=+0.000 (3s)
ml-Codesmell   RF      r=0.20 seed=1 gap=+0.001 (3s)
ml-Codesmell   RF      r=0.20 seed=7 gap=+0.000 (3s)
ml-Codesmell   RF      r=0.20 seed=13 gap=+0.001 (3s)
ml-Codesmell   RF      r=0.20 seed=99 gap=+0.001 (3s)
ml-Codesmell   RF      r=0.33 seed=42 gap=+0.002 (3s)
ml-Codesmell   RF      r=0.33 seed=1 gap=+0.000 (3s)
ml-Codesmell   RF      r=0.33 seed=7 gap=+0.001 (3s)
ml-Codesmell   RF      r=0.33 seed=13 gap=+0.000 (3s)
ml-Codesmell   RF      r=0.33 seed=99 gap=+0.002 (3s)
digits         LogReg  r=0.05 seed=42 gap=+0.896 (3s)
digits         LogReg  r=0.05 seed=1 gap=+0.891 (3s)
digits         LogReg  r=0.05 seed=7 gap=+0.893 (3s)
digits         LogReg  r=0.05 seed=13 gap=+0.889 (3s)
digits         LogReg  r=0.05 seed=99 gap=+0.896 (2s)
digits         LogReg  r=0.10 seed=42 gap=+0.886 (2s)
digits         LogReg  r=0.10 seed=1 gap=+0.884 (2s)
digits         LogReg  r=0.10 seed=7 gap=+0.886 (2s)
digits         LogReg  r=0.10 seed=13 gap=+0.887 (3s)
digits         LogReg  r=0.10 seed=99 gap=+0.883 (3s)
digits         LogReg  r=0.20 seed=42 gap=+0.795 (3s)
digits         LogReg  r=0.20 seed=1 gap=+0.794 (2s)
digits         LogReg  r=0.20 seed=7 gap=+0.798 (1s)
digits         LogReg  r=0.20 seed=13 gap=+0.801 (1s)
digits         LogReg  r=0.20 seed=99 gap=+0.794 (2s)
digits         LogReg  r=0.33 seed=42 gap=+0.667 (2s)
digits         LogReg  r=0.33 seed=1 gap=+0.682 (1s)
digits         LogReg  r=0.33 seed=7 gap=+0.666 (1s)
digits         LogReg  r=0.33 seed=13 gap=+0.670 (1s)
digits         LogReg  r=0.33 seed=99 gap=+0.665 (1s)
digits         RF      r=0.05 seed=42 gap=+0.129 (7s)
digits         RF      r=0.05 seed=1 gap=+0.127 (6s)
digits         RF      r=0.05 seed=7 gap=+0.142 (7s)
digits         RF      r=0.05 seed=13 gap=+0.140 (7s)
digits         RF      r=0.05 seed=99 gap=+0.126 (7s)
digits         RF      r=0.10 seed=42 gap=+0.025 (7s)
digits         RF      r=0.10 seed=1 gap=+0.027 (7s)
digits         RF      r=0.10 seed=7 gap=+0.027 (7s)
digits         RF      r=0.10 seed=13 gap=+0.024 (7s)
digits         RF      r=0.10 seed=99 gap=+0.030 (7s)
digits         RF      r=0.20 seed=42 gap=+0.035 (6s)
digits         RF      r=0.20 seed=1 gap=+0.046 (6s)
digits         RF      r=0.20 seed=7 gap=+0.033 (6s)
digits         RF      r=0.20 seed=13 gap=+0.039 (6s)
digits         RF      r=0.20 seed=99 gap=+0.035 (6s)
digits         RF      r=0.33 seed=42 gap=+0.042 (5s)
digits         RF      r=0.33 seed=1 gap=+0.036 (5s)
digits         RF      r=0.33 seed=7 gap=+0.042 (5s)
digits         RF      r=0.33 seed=13 gap=+0.041 (5s)
digits         RF      r=0.33 seed=99 gap=+0.043 (5s)
segment        LogReg  r=0.05 seed=42 gap=+0.750 (1s)
segment        LogReg  r=0.05 seed=1 gap=+0.731 (1s)
segment        LogReg  r=0.05 seed=7 gap=+0.748 (2s)
segment        LogReg  r=0.05 seed=13 gap=+0.747 (1s)
segment        LogReg  r=0.05 seed=99 gap=+0.777 (1s)
segment        LogReg  r=0.10 seed=42 gap=+0.741 (1s)
segment        LogReg  r=0.10 seed=1 gap=+0.740 (1s)
segment        LogReg  r=0.10 seed=7 gap=+0.743 (1s)
segment        LogReg  r=0.10 seed=13 gap=+0.744 (1s)
segment        LogReg  r=0.10 seed=99 gap=+0.744 (1s)
segment        LogReg  r=0.20 seed=42 gap=+0.686 (1s)
segment        LogReg  r=0.20 seed=1 gap=+0.687 (1s)
segment        LogReg  r=0.20 seed=7 gap=+0.687 (1s)
segment        LogReg  r=0.20 seed=13 gap=+0.681 (1s)
segment        LogReg  r=0.20 seed=99 gap=+0.690 (1s)
segment        LogReg  r=0.33 seed=42 gap=+0.598 (1s)
segment        LogReg  r=0.33 seed=1 gap=+0.602 (1s)
segment        LogReg  r=0.33 seed=7 gap=+0.576 (18s)
segment        LogReg  r=0.33 seed=13 gap=+0.589 (26s)
segment        LogReg  r=0.33 seed=99 gap=+0.585 (26s)
segment        RF      r=0.05 seed=42 gap=+0.013 (6s)
segment        RF      r=0.05 seed=1 gap=+0.018 (6s)
segment        RF      r=0.05 seed=7 gap=+0.011 (7s)
segment        RF      r=0.05 seed=13 gap=+0.012 (7s)
segment        RF      r=0.05 seed=99 gap=+0.010 (7s)
segment        RF      r=0.10 seed=42 gap=+0.003 (7s)
segment        RF      r=0.10 seed=1 gap=+0.005 (7s)
segment        RF      r=0.10 seed=7 gap=+0.000 (6s)
segment        RF      r=0.10 seed=13 gap=+0.002 (6s)
segment        RF      r=0.10 seed=99 gap=+0.005 (7s)
segment        RF      r=0.20 seed=42 gap=+0.002 (6s)
segment        RF      r=0.20 seed=1 gap=+0.000 (7s)
segment        RF      r=0.20 seed=7 gap=+0.002 (6s)
segment        RF      r=0.20 seed=13 gap=+0.001 (6s)
segment        RF      r=0.20 seed=99 gap=+0.001 (6s)
segment        RF      r=0.33 seed=42 gap=+0.001 (6s)
segment        RF      r=0.33 seed=1 gap=+0.001 (6s)
segment        RF      r=0.33 seed=7 gap=+0.001 (5s)
segment        RF      r=0.33 seed=13 gap=+0.001 (5s)
segment        RF      r=0.33 seed=99 gap=+0.001 (3s)
vehicle        LogReg  r=0.05 seed=42 gap=+0.467 (0s)
vehicle        LogReg  r=0.05 seed=1 gap=+0.457 (0s)
vehicle        LogReg  r=0.05 seed=7 gap=+0.482 (0s)
vehicle        LogReg  r=0.05 seed=13 gap=+0.486 (0s)
vehicle        LogReg  r=0.05 seed=99 gap=+0.516 (0s)
vehicle        LogReg  r=0.10 seed=42 gap=+0.561 (0s)
vehicle        LogReg  r=0.10 seed=1 gap=+0.528 (0s)
vehicle        LogReg  r=0.10 seed=7 gap=+0.558 (0s)
vehicle        LogReg  r=0.10 seed=13 gap=+0.538 (0s)
vehicle        LogReg  r=0.10 seed=99 gap=+0.528 (0s)
vehicle        LogReg  r=0.20 seed=42 gap=+0.561 (0s)
vehicle        LogReg  r=0.20 seed=1 gap=+0.536 (0s)
vehicle        LogReg  r=0.20 seed=7 gap=+0.557 (0s)
vehicle        LogReg  r=0.20 seed=13 gap=+0.560 (0s)
vehicle        LogReg  r=0.20 seed=99 gap=+0.562 (0s)
vehicle        LogReg  r=0.33 seed=42 gap=+0.519 (0s)
vehicle        LogReg  r=0.33 seed=1 gap=+0.529 (0s)
vehicle        LogReg  r=0.33 seed=7 gap=+0.536 (0s)
vehicle        LogReg  r=0.33 seed=13 gap=+0.524 (0s)
vehicle        LogReg  r=0.33 seed=99 gap=+0.527 (0s)
vehicle        RF      r=0.05 seed=42 gap=+0.345 (2s)
vehicle        RF      r=0.05 seed=1 gap=+0.341 (2s)
vehicle        RF      r=0.05 seed=7 gap=+0.385 (2s)
vehicle        RF      r=0.05 seed=13 gap=+0.301 (2s)
vehicle        RF      r=0.05 seed=99 gap=+0.382 (2s)
vehicle        RF      r=0.10 seed=42 gap=+0.226 (2s)
vehicle        RF      r=0.10 seed=1 gap=+0.170 (2s)
vehicle        RF      r=0.10 seed=7 gap=+0.183 (2s)
vehicle        RF      r=0.10 seed=13 gap=+0.209 (2s)
vehicle        RF      r=0.10 seed=99 gap=+0.236 (2s)
vehicle        RF      r=0.20 seed=42 gap=+0.132 (2s)
vehicle        RF      r=0.20 seed=1 gap=+0.118 (2s)
vehicle        RF      r=0.20 seed=7 gap=+0.141 (2s)
vehicle        RF      r=0.20 seed=13 gap=+0.144 (2s)
vehicle        RF      r=0.20 seed=99 gap=+0.139 (2s)
vehicle        RF      r=0.33 seed=42 gap=+0.116 (2s)
vehicle        RF      r=0.33 seed=1 gap=+0.122 (2s)
vehicle        RF      r=0.33 seed=7 gap=+0.122 (2s)
vehicle        RF      r=0.33 seed=13 gap=+0.108 (2s)
vehicle        RF      r=0.33 seed=99 gap=+0.126 (2s)
letter         LogReg  r=0.05 seed=42 gap=+0.494 (1s)
letter         LogReg  r=0.05 seed=1 gap=+0.515 (1s)
letter         LogReg  r=0.05 seed=7 gap=+0.497 (1s)
letter         LogReg  r=0.05 seed=13 gap=+0.496 (1s)
letter         LogReg  r=0.05 seed=99 gap=+0.510 (1s)
letter         LogReg  r=0.10 seed=42 gap=+0.552 (0s)
letter         LogReg  r=0.10 seed=1 gap=+0.574 (0s)
letter         LogReg  r=0.10 seed=7 gap=+0.549 (0s)
letter         LogReg  r=0.10 seed=13 gap=+0.561 (0s)
letter         LogReg  r=0.10 seed=99 gap=+0.559 (0s)
letter         LogReg  r=0.20 seed=42 gap=+0.555 (0s)
letter         LogReg  r=0.20 seed=1 gap=+0.563 (0s)
letter         LogReg  r=0.20 seed=7 gap=+0.573 (0s)
letter         LogReg  r=0.20 seed=13 gap=+0.565 (0s)
letter         LogReg  r=0.20 seed=99 gap=+0.560 (0s)
letter         LogReg  r=0.33 seed=42 gap=+nan (0s)
letter         LogReg  r=0.33 seed=1 gap=+0.295 (0s)
letter         LogReg  r=0.33 seed=7 gap=+0.296 (0s)
letter         LogReg  r=0.33 seed=13 gap=+0.060 (0s)
letter         LogReg  r=0.33 seed=99 gap=+0.379 (0s)
letter         RF      r=0.05 seed=42 gap=+0.065 (11s)
letter         RF      r=0.05 seed=1 gap=+0.065 (11s)
letter         RF      r=0.05 seed=7 gap=+0.058 (11s)
letter         RF      r=0.05 seed=13 gap=+0.059 (11s)
letter         RF      r=0.05 seed=99 gap=+0.044 (12s)
letter         RF      r=0.10 seed=42 gap=+0.078 (10s)
letter         RF      r=0.10 seed=1 gap=+0.068 (10s)
letter         RF      r=0.10 seed=7 gap=+0.065 (10s)
letter         RF      r=0.10 seed=13 gap=+0.092 (10s)
letter         RF      r=0.10 seed=99 gap=+0.086 (10s)
letter         RF      r=0.20 seed=42 gap=+0.087 (10s)
letter         RF      r=0.20 seed=1 gap=+0.096 (10s)
letter         RF      r=0.20 seed=7 gap=+0.086 (10s)
letter         RF      r=0.20 seed=13 gap=+0.108 (10s)
letter         RF      r=0.20 seed=99 gap=+0.085 (10s)
letter         RF      r=0.33 seed=42 gap=+nan (0s)
letter         RF      r=0.33 seed=1 gap=+0.081 (2s)
letter         RF      r=0.33 seed=7 gap=+0.068 (3s)
letter         RF      r=0.33 seed=13 gap=+0.037 (1s)
letter         RF      r=0.33 seed=99 gap=+0.040 (2s)

=== per-(dataset,classifier) trend: Spearman(rate, gap) over rate ladder ===
IST2021        LogReg  rho=-0.80 p=0.20  gaps@rates=[0.215, 0.224, 0.181, 0.171]
IST2021        RF      rho=-1.00 p=0.00  gaps@rates=[0.129, 0.063, 0.043, 0.039]
ImprovMLCQ     LogReg  rho=+1.00 p=0.00  gaps@rates=[0.056, 0.074, 0.107, 0.115]
ImprovMLCQ     RF      rho=+0.60 p=0.40  gaps@rates=[0.001, -0.002, 0.005, 0.003]
SmellyCode++   LogReg  rho=+1.00 p=0.00  gaps@rates=[0.025, 0.048, 0.052, 0.088]
SmellyCode++   RF      rho=+0.40 p=0.60  gaps@rates=[-0.017, -0.024, -0.02, -0.015]
ml-Codesmell   LogReg  rho=-1.00 p=0.00  gaps@rates=[0.46, 0.323, 0.183, 0.101]
ml-Codesmell   RF      rho=-0.80 p=0.20  gaps@rates=[0.003, 0.002, 0.0, 0.001]
digits         LogReg  rho=-1.00 p=0.00  gaps@rates=[0.893, 0.885, 0.796, 0.67]
digits         RF      rho=-0.20 p=0.80  gaps@rates=[0.133, 0.027, 0.038, 0.041]
segment        LogReg  rho=-1.00 p=0.00  gaps@rates=[0.751, 0.742, 0.686, 0.59]
segment        RF      rho=-1.00 p=0.00  gaps@rates=[0.013, 0.003, 0.001, 0.001]
vehicle        LogReg  rho=+0.40 p=0.60  gaps@rates=[0.482, 0.542, 0.555, 0.527]
vehicle        RF      rho=-1.00 p=0.00  gaps@rates=[0.351, 0.204, 0.135, 0.118]
letter         LogReg  rho=-0.20 p=0.80  gaps@rates=[0.502, 0.559, 0.563, 0.258]
letter         RF      rho=-0.20 p=0.80  gaps@rates=[0.058, 0.078, 0.093, 0.057]
STRENGTHEN_A DONE
